<html>
<body>
<pre>
<h1>µVision Build Log</h1>
<h2>Tool Versions:</h2>
IDE-Version: µVision V5.28.0.0
Copyright (C) 2019 ARM Ltd and ARM Germany GmbH. All rights reserved.
License Information: Jeffrey Keyser, Universiy of Wisconsin Madison, LIC=----
 
Tool Versions:
Toolchain:       MDK-Lite  Version: 5.28.0.0
Toolchain Path:  C:\Keil_v5\ARM\ARMCC\Bin
C Compiler:      Armcc.exe V5.06 update 6 (build 750)
Assembler:       Armasm.exe V5.06 update 6 (build 750)
Linker/Locator:  ArmLink.exe V5.06 update 6 (build 750)
Library Manager: ArmAr.exe V5.06 update 6 (build 750)
Hex Converter:   FromElf.exe V5.06 update 6 (build 750)
CPU DLL:         SARMCM3.DLL V5.28.0.0
Dialog DLL:      DCM.DLL V1.17.3.0
Target DLL:      lmidk-agdi.dll V???
Dialog DLL:      TCM.DLL V1.36.2.0
 
<h2>Project:</h2>
C:\Users\Storm\Documents\ECE 353 Final Project\Project\Project.uvprojx
Project File Date:  11/26/2019

<h2>Output:</h2>
*** Using Compiler 'V5.06 update 6 (build 750)', folder: 'C:\Keil_v5\ARM\ARMCC\Bin'
Rebuild target 'Project-F19'
compiling adc.c...
compiling i2c.c...
compiling project_interrupts.c...
compiling project_images.c...
compiling gpio_port.c...
..\drivers\c\gpio_port.c(82): warning:  #188-D: enumerated type mixed with another type
         return 0;
..\drivers\c\gpio_port.c: 1 warning, 0 errors
compiling project_hardware_init.c...
project_hardware_init.c(29): warning:  #177-D: function "project_timer2_init"  was declared but never referenced
  static void project_timer2_init(void)
project_hardware_init.c: 1 warning, 0 errors
compiling pc_buffer.c...
compiling main.c...
main.c(287): warning:  #177-D: variable "reset"  was declared but never referenced
  	uint8_t reset = 0;	//reset high score value
main.c(372): warning:  #111-D: statement is unreachable
  		user_width = soldierWidthPixels; user_height = soldierHeightPixels; break; 
main.c(374): warning:  #111-D: statement is unreachable
  		user_width = user_fighterWidthPixels; user_height = user_fighterHeightPixels; break; 	
main.c(634): warning:  #111-D: statement is unreachable
  		break; 
main.c(636): warning:  #111-D: statement is unreachable
  		break; 	
main.c(653): warning:  #111-D: statement is unreachable
  		user_width = soldierWidthPixels; user_height = soldierHeightPixels; break; 
main.c(655): warning:  #111-D: statement is unreachable
  		user_width = user_fighterWidthPixels; user_height = user_fighterHeightPixels; break; 	
main.c: 7 warnings, 0 errors
compiling spi.c...
compiling timers.c...
compiling accel.c...
compiling uart.c...
..\drivers\c\uart.c(184): warning:  #188-D: enumerated type mixed with another type
         return 0;
..\drivers\c\uart.c: 1 warning, 0 errors
compiling launchpad_io.c...
compiling ft6x06.c...
..\peripherals\c\ft6x06.c(97): warning:  #940-D: missing return statement at end of non-void function "ft6x06_read_td_status" 
  } 
..\peripherals\c\ft6x06.c: 1 warning, 0 errors
compiling eeprom.c...
..\peripherals\c\eeprom.c(131): warning:  #550-D: variable "status"  was set but never used
    i2c_status_t status;
..\peripherals\c\eeprom.c: 1 warning, 0 errors
compiling lcd.c...
assembling ws2812b.s...
assembling startup_TM4C123.s...
compiling ps2.c...
compiling serial_debug.c...
..\peripherals\c\serial_debug.c(171): warning:  #177-D: variable "uart_base"  was declared but never referenced
     uint32_t uart_base;
..\peripherals\c\serial_debug.c(172): warning:  #177-D: variable "tx_buffer"  was declared but never referenced
     PC_Buffer *tx_buffer;
..\peripherals\c\serial_debug.c(232): warning:  #177-D: variable "tx_FIFO_full"  was declared but never referenced
      bool tx_FIFO_full;
..\peripherals\c\serial_debug.c: 3 warnings, 0 errors
compiling spi_select.c...
compiling system_TM4C123.c...
compiling io_expander.c...
..\peripherals\c\io_expander.c(140): warning:  #550-D: variable "reg"  was set but never used
  	uint8_t reg;
..\peripherals\c\io_expander.c: 1 warning, 0 errors
linking...
Program Size: Code=15692 RO-data=8080 RW-data=284 ZI-data=4244  
".\obj\ece353_base_project.axf" - 0 Error(s), 16 Warning(s).

<h2>Software Packages used:</h2>

Package Vendor: ARM
                http://www.keil.com/pack/ARM.CMSIS.5.5.1.pack
                ARM.CMSIS.5.5.1
                CMSIS (Cortex Microcontroller Software Interface Standard)
   * Component: CORE Version: 5.2.0

Package Vendor: Keil
                http://www.keil.com/pack/Keil.TM4C_DFP.1.1.0.pack
                Keil.TM4C_DFP.1.1.0
                Texas Instruments Tiva C Series Device Support and Examples
   * Component: Startup Version: 1.0.1

<h2>Collection of Component include folders:</h2>
  .\RTE\_Project-F19
  C:\Users\Storm\AppData\Local\Arm\Packs\ARM\CMSIS\5.5.1\CMSIS\Core\Include
  C:\Users\Storm\AppData\Local\Arm\Packs\Keil\TM4C_DFP\1.1.0\Device\Include\TM4C123

<h2>Collection of Component Files used:</h2>

   * Component: ARM::CMSIS:CORE:5.2.0

   * Component: Keil::Device:Startup:1.0.1
      Source file:   Device\Source\ARM\startup_TM4C123.s
      Include file:  Device\Include\TM4C123\TM4C123.h
      Source file:   Device\Source\system_TM4C123.c
Build Time Elapsed:  00:00:03
</pre>
</body>
</html>
