Component: ARM Compiler 5.06 update 6 (build 750) Tool: armlink [4d35ed]

==============================================================================

Section Cross References

    main.o(.text) refers to lcd.o(.text) for lcd_set_pos
    main.o(.text) refers to lcd.o(i.lcd_write_data_u16) for lcd_write_data_u16
    main.o(.text) refers to project_hardware_init.o(.text) for project_initialize_hardware
    main.o(.text) refers to eeprom.o(.text) for eeprom_byte_write
    main.o(.text) refers to printf3.o(i.__0printf$3) for __2printf
    main.o(.text) refers to main.o(.data) for start_once
    main.o(.text) refers to project_images.o(.constdata) for warBitmaps
    main.o(.text) refers to project_interrupts.o(.data) for sw1_pressed
    main.o(.text) refers to launchpad_io.o(.text) for lp_io_set_pin
    main.o(.text) refers to io_expander.o(.text) for io_expander_read_reg
    main.o(.text) refers to ft6x06.o(.text) for ft6x06_read_x
    main.o(.text) refers to main.o(.bss) for enemies_y_pos
    main.o(.text) refers to dflti.o(.text) for __aeabi_i2d
    main.o(.text) refers to sqrt.o(i.__hardfp_sqrt) for __hardfp_sqrt
    main.o(.text) refers to cdcmple.o(.text) for __aeabi_cdcmple
    main.o(.text) refers to timers.o(.text) for timer_value
    main.o(.text) refers to rand.o(.text) for srand
    main.o(.text) refers to accel.o(.text) for accel_read_x
    project_hardware_init.o(.text) refers to timers.o(.text) for gp_timer_config_32
    project_hardware_init.o(.text) refers to adc.o(.text) for initialize_adc
    project_hardware_init.o(.text) refers to gpio_port.o(.text) for gpio_enable_port
    project_hardware_init.o(.text) refers to lcd.o(.text) for lcd_config_screen
    project_hardware_init.o(.text) refers to serial_debug.o(.text) for init_serial_debug
    project_hardware_init.o(.text) refers to launchpad_io.o(.text) for lp_io_init
    project_hardware_init.o(.text) refers to spi_select.o(.text) for spi_select_init
    project_hardware_init.o(.text) refers to eeprom.o(.text) for eeprom_init
    project_hardware_init.o(.text) refers to accel.o(.text) for accel_initialize
    project_hardware_init.o(.text) refers to io_expander.o(.text) for io_expander_init
    project_hardware_init.o(.text) refers to ps2.o(.text) for ps2_initialize
    project_interrupts.o(.text) refers to io_expander.o(.text) for io_expander_read_reg
    project_interrupts.o(.text) refers to project_interrupts.o(.data) for io_expander
    pc_buffer.o(.text) refers to malloc.o(i.malloc) for malloc
    accel.o(.text) refers to spi.o(.text) for spiTx
    accel.o(.text) refers to spi_select.o(.text) for spi_select_init
    accel.o(.text) refers to gpio_port.o(.text) for gpio_enable_port
    eeprom.o(.text) refers to i2c.o(.text) for i2cVerifyBaseAddr
    eeprom.o(.text) refers to gpio_port.o(.text) for gpio_enable_port
    ft6x06.o(.text) refers to i2c.o(.text) for I2CMasterBusy
    ft6x06.o(.text) refers to gpio_port.o(.text) for gpio_enable_port
    lcd.o(.text) refers to lcd.o(i.lcd_write_data_u16) for lcd_write_data_u16
    lcd.o(.text) refers to gpio_port.o(.text) for gpio_enable_port
    ps2.o(.text) refers to gpio_port.o(.text) for gpio_enable_port
    ps2.o(.text) refers to adc.o(.text) for initialize_adc
    serial_debug.o(.text) refers to gpio_port.o(.text) for gpio_enable_port
    serial_debug.o(.text) refers to pc_buffer.o(.text) for pc_buffer_init
    serial_debug.o(.text) refers to uart.o(.text) for uart_init
    serial_debug.o(.text) refers to main.o(.text) for DisableInterrupts
    serial_debug.o(.text) refers to serial_debug.o(.data) for Rx_Interrupts_Enabled
    serial_debug.o(.text) refers to serial_debug.o(.bss) for UART0_Tx_Buffer
    serial_debug.o(.text) refers to stdout.o(.data) for __stdout
    spi_select.o(.text) refers to gpio_port.o(.text) for gpio_enable_port
    io_expander.o(.text) refers to i2c.o(.text) for i2cVerifyBaseAddr
    io_expander.o(.text) refers to gpio_port.o(.text) for gpio_enable_port
    startup_tm4c123.o(RESET) refers to startup_tm4c123.o(STACK) for __initial_sp
    startup_tm4c123.o(RESET) refers to startup_tm4c123.o(.text) for Reset_Handler
    startup_tm4c123.o(RESET) refers to serial_debug.o(.text) for UART0_Handler
    startup_tm4c123.o(RESET) refers to project_interrupts.o(.text) for ADC0SS1_Handler
    startup_tm4c123.o(.text) refers to system_tm4c123.o(.text) for SystemInit
    startup_tm4c123.o(.text) refers to entry.o(.ARM.Collect$$$$00000000) for __main
    system_tm4c123.o(.text) refers to system_tm4c123.o(.data) for SystemCoreClock
    sqrt.o(i.__hardfp_sqrt) refers (Special) to iusefp.o(.text) for __I$use$fp
    sqrt.o(i.__hardfp_sqrt) refers to dsqrt.o(.text) for _dsqrt
    sqrt.o(i.__hardfp_sqrt) refers to errno.o(i.__set_errno) for __set_errno
    sqrt.o(i.__softfp_sqrt) refers (Special) to iusefp.o(.text) for __I$use$fp
    sqrt.o(i.__softfp_sqrt) refers to dsqrt.o(.text) for _dsqrt
[...]
    printf2.o(i.__0vfprintf$2) refers to serial_debug.o(.text) for fputc
    printf2.o(i.__0vprintf$2) refers to printf2.o(i._printf_core) for _printf_core
    printf2.o(i.__0vprintf$2) refers to serial_debug.o(.text) for fputc
    printf2.o(i.__0vprintf$2) refers to stdout.o(.data) for __stdout
    printf2.o(i.__0vsnprintf$2) refers to printf2.o(i._printf_core) for _printf_core
    printf2.o(i.__0vsnprintf$2) refers to printf2.o(i._snputc) for _snputc
    printf2.o(i.__0vsprintf$2) refers to printf2.o(i._printf_core) for _printf_core
    printf2.o(i.__0vsprintf$2) refers to printf2.o(i._sputc) for _sputc
    printf3.o(i.__0fprintf$3) refers to printf3.o(i._printf_core) for _printf_core
    printf3.o(i.__0fprintf$3) refers to serial_debug.o(.text) for fputc
    printf3.o(i.__0printf$3) refers to printf3.o(i._printf_core) for _printf_core
    printf3.o(i.__0printf$3) refers to serial_debug.o(.text) for fputc
    printf3.o(i.__0printf$3) refers to stdout.o(.data) for __stdout
    printf3.o(i.__0snprintf$3) refers to printf3.o(i._printf_core) for _printf_core
    printf3.o(i.__0snprintf$3) refers to printf3.o(i._snputc) for _snputc
    printf3.o(i.__0sprintf$3) refers to printf3.o(i._printf_core) for _printf_core
    printf3.o(i.__0sprintf$3) refers to printf3.o(i._sputc) for _sputc
    printf3.o(i.__0vfprintf$3) refers to printf3.o(i._printf_core) for _printf_core
    printf3.o(i.__0vfprintf$3) refers to serial_debug.o(.text) for fputc
    printf3.o(i.__0vprintf$3) refers to printf3.o(i._printf_core) for _printf_core
    printf3.o(i.__0vprintf$3) refers to serial_debug.o(.text) for fputc
    printf3.o(i.__0vprintf$3) refers to stdout.o(.data) for __stdout
    printf3.o(i.__0vsnprintf$3) refers to printf3.o(i._printf_core) for _printf_core
    printf3.o(i.__0vsnprintf$3) refers to printf3.o(i._snputc) for _snputc
    printf3.o(i.__0vsprintf$3) refers to printf3.o(i._printf_core) for _printf_core
    printf3.o(i.__0vsprintf$3) refers to printf3.o(i._sputc) for _sputc
    printf3.o(i._printf_core) refers to uidiv.o(.text) for __aeabi_uidivmod
    printf4.o(i.__0fprintf$4) refers to printf4.o(i._printf_core) for _printf_core
    printf4.o(i.__0fprintf$4) refers to serial_debug.o(.text) for fputc
    printf4.o(i.__0printf$4) refers to printf4.o(i._printf_core) for _printf_core
    printf4.o(i.__0printf$4) refers to serial_debug.o(.text) for fputc
    printf4.o(i.__0printf$4) refers to stdout.o(.data) for __stdout
    printf4.o(i.__0snprintf$4) refers to printf4.o(i._printf_core) for _printf_core
    printf4.o(i.__0snprintf$4) refers to printf4.o(i._snputc) for _snputc
    printf4.o(i.__0sprintf$4) refers to printf4.o(i._printf_core) for _printf_core
    printf4.o(i.__0sprintf$4) refers to printf4.o(i._sputc) for _sputc
    printf4.o(i.__0vfprintf$4) refers to printf4.o(i._printf_core) for _printf_core
    printf4.o(i.__0vfprintf$4) refers to serial_debug.o(.text) for fputc
    printf4.o(i.__0vprintf$4) refers to printf4.o(i._printf_core) for _printf_core
    printf4.o(i.__0vprintf$4) refers to serial_debug.o(.text) for fputc
    printf4.o(i.__0vprintf$4) refers to stdout.o(.data) for __stdout
    printf4.o(i.__0vsnprintf$4) refers to printf4.o(i._printf_core) for _printf_core
    printf4.o(i.__0vsnprintf$4) refers to printf4.o(i._snputc) for _snputc
    printf4.o(i.__0vsprintf$4) refers to printf4.o(i._printf_core) for _printf_core
    printf4.o(i.__0vsprintf$4) refers to printf4.o(i._sputc) for _sputc
    printf4.o(i._printf_core) refers to uldiv.o(.text) for __aeabi_uldivmod
    printf5.o(i.__0fprintf$5) refers to printf5.o(i._printf_core) for _printf_core
    printf5.o(i.__0fprintf$5) refers to serial_debug.o(.text) for fputc
    printf5.o(i.__0printf$5) refers to printf5.o(i._printf_core) for _printf_core
    printf5.o(i.__0printf$5) refers to serial_debug.o(.text) for fputc
    printf5.o(i.__0printf$5) refers to stdout.o(.data) for __stdout
    printf5.o(i.__0snprintf$5) refers to printf5.o(i._printf_core) for _printf_core
    printf5.o(i.__0snprintf$5) refers to printf5.o(i._snputc) for _snputc
    printf5.o(i.__0sprintf$5) refers to printf5.o(i._printf_core) for _printf_core
    printf5.o(i.__0sprintf$5) refers to printf5.o(i._sputc) for _sputc
    printf5.o(i.__0vfprintf$5) refers to printf5.o(i._printf_core) for _printf_core
    printf5.o(i.__0vfprintf$5) refers to serial_debug.o(.text) for fputc
    printf5.o(i.__0vprintf$5) refers to printf5.o(i._printf_core) for _printf_core
    printf5.o(i.__0vprintf$5) refers to serial_debug.o(.text) for fputc
    printf5.o(i.__0vprintf$5) refers to stdout.o(.data) for __stdout
    printf5.o(i.__0vsnprintf$5) refers to printf5.o(i._printf_core) for _printf_core
    printf5.o(i.__0vsnprintf$5) refers to printf5.o(i._snputc) for _snputc
    printf5.o(i.__0vsprintf$5) refers to printf5.o(i._printf_core) for _printf_core
    printf5.o(i.__0vsprintf$5) refers to printf5.o(i._sputc) for _sputc
    printf5.o(i._printf_core) refers to uldiv.o(.text) for __aeabi_uldivmod
    printf6.o(i.__0fprintf$6) refers to printf6.o(i._printf_core) for _printf_core
    printf6.o(i.__0fprintf$6) refers to serial_debug.o(.text) for fputc
    printf6.o(i.__0printf$6) refers to printf6.o(i._printf_core) for _printf_core
    printf6.o(i.__0printf$6) refers to serial_debug.o(.text) for fputc
    printf6.o(i.__0printf$6) refers to stdout.o(.data) for __stdout
    printf6.o(i.__0snprintf$6) refers to printf6.o(i._printf_core) for _printf_core
    printf6.o(i.__0snprintf$6) refers to printf6.o(i._snputc) for _snputc
    printf6.o(i.__0sprintf$6) refers to printf6.o(i._printf_core) for _printf_core
    printf6.o(i.__0sprintf$6) refers to printf6.o(i._sputc) for _sputc
    printf6.o(i.__0vfprintf$6) refers to printf6.o(i._printf_core) for _printf_core
    printf6.o(i.__0vfprintf$6) refers to serial_debug.o(.text) for fputc
    printf6.o(i.__0vprintf$6) refers to printf6.o(i._printf_core) for _printf_core
    printf6.o(i.__0vprintf$6) refers to serial_debug.o(.text) for fputc
    printf6.o(i.__0vprintf$6) refers to stdout.o(.data) for __stdout
    printf6.o(i.__0vsnprintf$6) refers to printf6.o(i._printf_core) for _printf_core
    printf6.o(i.__0vsnprintf$6) refers to printf6.o(i._snputc) for _snputc
    printf6.o(i.__0vsprintf$6) refers to printf6.o(i._printf_core) for _printf_core
    printf6.o(i.__0vsprintf$6) refers to printf6.o(i._sputc) for _sputc
    printf6.o(i._printf_core) refers to printf6.o(i._printf_pre_padding) for _printf_pre_padding
    printf6.o(i._printf_core) refers to uidiv.o(.text) for __aeabi_uidivmod
    printf6.o(i._printf_core) refers to printf6.o(i._printf_post_padding) for _printf_post_padding
    printf7.o(i.__0fprintf$7) refers to printf7.o(i._printf_core) for _printf_core
    printf7.o(i.__0fprintf$7) refers to serial_debug.o(.text) for fputc
    printf7.o(i.__0printf$7) refers to printf7.o(i._printf_core) for _printf_core
    printf7.o(i.__0printf$7) refers to serial_debug.o(.text) for fputc
    printf7.o(i.__0printf$7) refers to stdout.o(.data) for __stdout
    printf7.o(i.__0snprintf$7) refers to printf7.o(i._printf_core) for _printf_core
    printf7.o(i.__0snprintf$7) refers to printf7.o(i._snputc) for _snputc
    printf7.o(i.__0sprintf$7) refers to printf7.o(i._printf_core) for _printf_core
    printf7.o(i.__0sprintf$7) refers to printf7.o(i._sputc) for _sputc
    printf7.o(i.__0vfprintf$7) refers to printf7.o(i._printf_core) for _printf_core
    printf7.o(i.__0vfprintf$7) refers to serial_debug.o(.text) for fputc
    printf7.o(i.__0vprintf$7) refers to printf7.o(i._printf_core) for _printf_core
    printf7.o(i.__0vprintf$7) refers to serial_debug.o(.text) for fputc
    printf7.o(i.__0vprintf$7) refers to stdout.o(.data) for __stdout
    printf7.o(i.__0vsnprintf$7) refers to printf7.o(i._printf_core) for _printf_core
    printf7.o(i.__0vsnprintf$7) refers to printf7.o(i._snputc) for _snputc
    printf7.o(i.__0vsprintf$7) refers to printf7.o(i._printf_core) for _printf_core
    printf7.o(i.__0vsprintf$7) refers to printf7.o(i._sputc) for _sputc
    printf7.o(i._printf_core) refers to printf7.o(i._printf_pre_padding) for _printf_pre_padding
    printf7.o(i._printf_core) refers to uldiv.o(.text) for __aeabi_uldivmod
    printf7.o(i._printf_core) refers to printf7.o(i._printf_post_padding) for _printf_post_padding
    printf8.o(i.__0fprintf$8) refers to printf8.o(i._printf_core) for _printf_core
    printf8.o(i.__0fprintf$8) refers to serial_debug.o(.text) for fputc
    printf8.o(i.__0printf$8) refers to printf8.o(i._printf_core) for _printf_core
    printf8.o(i.__0printf$8) refers to serial_debug.o(.text) for fputc
    printf8.o(i.__0printf$8) refers to stdout.o(.data) for __stdout
    printf8.o(i.__0snprintf$8) refers to printf8.o(i._printf_core) for _printf_core
    printf8.o(i.__0snprintf$8) refers to printf8.o(i._snputc) for _snputc
    printf8.o(i.__0sprintf$8) refers to printf8.o(i._printf_core) for _printf_core
    printf8.o(i.__0sprintf$8) refers to printf8.o(i._sputc) for _sputc
    printf8.o(i.__0vfprintf$8) refers to printf8.o(i._printf_core) for _printf_core
    printf8.o(i.__0vfprintf$8) refers to serial_debug.o(.text) for fputc
    printf8.o(i.__0vprintf$8) refers to printf8.o(i._printf_core) for _printf_core
    printf8.o(i.__0vprintf$8) refers to serial_debug.o(.text) for fputc
    printf8.o(i.__0vprintf$8) refers to stdout.o(.data) for __stdout
    printf8.o(i.__0vsnprintf$8) refers to printf8.o(i._printf_core) for _printf_core
    printf8.o(i.__0vsnprintf$8) refers to printf8.o(i._snputc) for _snputc
    printf8.o(i.__0vsprintf$8) refers to printf8.o(i._printf_core) for _printf_core
    printf8.o(i.__0vsprintf$8) refers to printf8.o(i._sputc) for _sputc
    printf8.o(i._printf_core) refers to printf8.o(i._printf_pre_padding) for _printf_pre_padding
    printf8.o(i._printf_core) refers to uldiv.o(.text) for __aeabi_uldivmod
    printf8.o(i._printf_core) refers to printf8.o(i._printf_post_padding) for _printf_post_padding
    printfa.o(i.__0fprintf) refers (Special) to iusefp.o(.text) for __I$use$fp
    printfa.o(i.__0fprintf) refers to printfa.o(i._printf_core) for _printf_core
    printfa.o(i.__0fprintf) refers to serial_debug.o(.text) for fputc
    printfa.o(i.__0printf) refers (Special) to iusefp.o(.text) for __I$use$fp
    printfa.o(i.__0printf) refers to printfa.o(i._printf_core) for _printf_core
    printfa.o(i.__0printf) refers to serial_debug.o(.text) for fputc
    printfa.o(i.__0printf) refers to stdout.o(.data) for __stdout
    printfa.o(i.__0snprintf) refers (Special) to iusefp.o(.text) for __I$use$fp
    printfa.o(i.__0snprintf) refers to printfa.o(i._printf_core) for _printf_core
    printfa.o(i.__0snprintf) refers to printfa.o(i._snputc) for _snputc
    printfa.o(i.__0sprintf) refers (Special) to iusefp.o(.text) for __I$use$fp
    printfa.o(i.__0sprintf) refers to printfa.o(i._printf_core) for _printf_core
    printfa.o(i.__0sprintf) refers to printfa.o(i._sputc) for _sputc
    printfa.o(i.__0vfprintf) refers (Special) to iusefp.o(.text) for __I$use$fp
    printfa.o(i.__0vfprintf) refers to printfa.o(i._printf_core) for _printf_core
    printfa.o(i.__0vfprintf) refers to serial_debug.o(.text) for fputc
    printfa.o(i.__0vprintf) refers (Special) to iusefp.o(.text) for __I$use$fp
    printfa.o(i.__0vprintf) refers to printfa.o(i._printf_core) for _printf_core
    printfa.o(i.__0vprintf) refers to serial_debug.o(.text) for fputc
    printfa.o(i.__0vprintf) refers to stdout.o(.data) for __stdout
    printfa.o(i.__0vsnprintf) refers (Special) to iusefp.o(.text) for __I$use$fp
    printfa.o(i.__0vsnprintf) refers to printfa.o(i._printf_core) for _printf_core
    printfa.o(i.__0vsnprintf) refers to printfa.o(i._snputc) for _snputc
    printfa.o(i.__0vsprintf) refers (Special) to iusefp.o(.text) for __I$use$fp
    printfa.o(i.__0vsprintf) refers to printfa.o(i._printf_core) for _printf_core
    printfa.o(i.__0vsprintf) refers to printfa.o(i._sputc) for _sputc
    printfa.o(i._fp_digits) refers (Special) to iusefp.o(.text) for __I$use$fp
    printfa.o(i._fp_digits) refers to dmul.o(.text) for __aeabi_dmul
    printfa.o(i._fp_digits) refers to ddiv.o(.text) for __aeabi_ddiv
    printfa.o(i._fp_digits) refers to cdrcmple.o(.text) for __aeabi_cdrcmple
    printfa.o(i._fp_digits) refers to dadd.o(.text) for __aeabi_dadd
    printfa.o(i._fp_digits) refers to dfixul.o(.text) for __aeabi_d2ulz
    printfa.o(i._fp_digits) refers to uldiv.o(.text) for __aeabi_uldivmod
    printfa.o(i._printf_core) refers (Special) to iusefp.o(.text) for __I$use$fp
    printfa.o(i._printf_core) refers to printfa.o(i._printf_pre_padding) for _printf_pre_padding
    printfa.o(i._printf_core) refers to uldiv.o(.text) for __aeabi_uldivmod
    printfa.o(i._printf_core) refers to printfa.o(i._printf_post_padding) for _printf_post_padding
    printfa.o(i._printf_core) refers to printfa.o(i._fp_digits) for _fp_digits
    printfa.o(i._printf_core) refers to uidiv.o(.text) for __aeabi_uidivmod
    printfa.o(i._printf_post_padding) refers (Special) to iusefp.o(.text) for __I$use$fp
    printfa.o(i._printf_pre_padding) refers (Special) to iusefp.o(.text) for __I$use$fp
    printfa.o(i._snputc) refers (Special) to iusefp.o(.text) for __I$use$fp
    printfa.o(i._sputc) refers (Special) to iusefp.o(.text) for __I$use$fp
    malloc.o(i.free) refers to mvars.o(.data) for __microlib_freelist
    malloc.o(i.malloc) refers to mvars.o(.data) for __microlib_freelist_initialised
    malloc.o(i.malloc) refers to mvars.o(.data) for __microlib_freelist
    malloc.o(i.malloc) refers to startup_tm4c123.o(HEAP) for __heap_base
    mallocr.o(i.__free$realloc) refers to mvars.o(.data) for __microlib_freelist
    mallocr.o(i.__malloc$realloc) refers to mallocr.o(i.internal_alloc) for internal_alloc
    mallocr.o(i.__malloc$realloc) refers to mvars.o(.data) for __microlib_freelist_initialised
    mallocr.o(i.__malloc$realloc) refers to startup_tm4c123.o(HEAP) for __heap_base
    mallocr.o(i.__malloc$realloc) refers to mvars.o(.data) for __microlib_freelist
    mallocr.o(i.internal_alloc) refers to memcpya.o(.text) for __aeabi_memcpy
    mallocr.o(i.internal_alloc) refers to mvars.o(.data) for __microlib_freelist
    mallocr.o(i.realloc) refers to mallocr.o(i.__free$realloc) for __free$realloc
    mallocr.o(i.realloc) refers to mallocr.o(i.internal_alloc) for internal_alloc
    mallocr.o(i.realloc) refers to mallocr.o(i.__malloc$realloc) for __malloc$realloc
    mallocr.o(i.realloc) refers to mvars.o(.data) for __microlib_freelist
    malloca.o(i.__aligned_malloc) refers to mvars.o(.data) for __microlib_freelist_initialised
    malloca.o(i.__aligned_malloc) refers to mvars.o(.data) for __microlib_freelist
    malloca.o(i.__aligned_malloc) refers to startup_tm4c123.o(HEAP) for __heap_base
    malloca.o(i.__free$memalign) refers to mvars.o(.data) for __microlib_freelist
    malloca.o(i.__malloc$memalign) refers to malloca.o(i.__aligned_malloc) for __aligned_malloc
    mallocra.o(i.__aligned_malloc$realloc) refers to mallocra.o(i.internal_alloc) for internal_alloc
    mallocra.o(i.__aligned_malloc$realloc) refers to mvars.o(.data) for __microlib_freelist_initialised
    mallocra.o(i.__aligned_malloc$realloc) refers to startup_tm4c123.o(HEAP) for __heap_base
    mallocra.o(i.__aligned_malloc$realloc) refers to mvars.o(.data) for __microlib_freelist
    mallocra.o(i.__free$realloc$memalign) refers to mvars.o(.data) for __microlib_freelist
    mallocra.o(i.__malloc$realloc$memalign) refers to mallocra.o(i.__aligned_malloc$realloc) for __aligned_malloc$realloc
    mallocra.o(i.__realloc$memalign) refers to mallocra.o(i.__free$realloc$memalign) for __free$realloc$memalign
    mallocra.o(i.__realloc$memalign) refers to mallocra.o(i.internal_alloc) for internal_alloc
    mallocra.o(i.__realloc$memalign) refers to mallocra.o(i.__malloc$realloc$memalign) for __malloc$realloc$memalign
    mallocra.o(i.__realloc$memalign) refers to mvars.o(.data) for __microlib_freelist
    mallocra.o(i.internal_alloc) refers to memcpya.o(.text) for __aeabi_memcpy
    mallocra.o(i.internal_alloc) refers to mvars.o(.data) for __microlib_freelist
    dflti.o(.text) refers (Special) to iusefp.o(.text) for __I$use$fp
    dflti.o(.text) refers to depilogue.o(.text) for _double_epilogue
    cdcmple.o(.text) refers (Special) to iusefp.o(.text) for __I$use$fp
    entry2.o(.ARM.Collect$$$$00000001) refers to entry2.o(.ARM.Collect$$$$00002712) for __lit__00000000
    entry2.o(.ARM.Collect$$$$00002712) refers to startup_tm4c123.o(STACK) for __initial_sp
    entry2.o(__vectab_stack_and_reset_area) refers to startup_tm4c123.o(STACK) for __initial_sp
    entry2.o(__vectab_stack_and_reset_area) refers to entry.o(.ARM.Collect$$$$00000000) for __main
    entry5.o(.ARM.Collect$$$$00000004) refers to init.o(.text) for __scatterload
    entry9a.o(.ARM.Collect$$$$0000000B) refers to main.o(.text) for main
    entry9b.o(.ARM.Collect$$$$0000000C) refers to main.o(.text) for main
    uldiv.o(.text) refers to llushr.o(.text) for __aeabi_llsr
    uldiv.o(.text) refers to llshl.o(.text) for __aeabi_llsl
    errno.o(i.__aeabi_errno_addr) refers to errno.o(.data) for .data
    errno.o(i.__read_errno) refers to errno.o(.data) for .data
    errno.o(i.__set_errno) refers to errno.o(.data) for .data
    depilogue.o(.text) refers to llshl.o(.text) for __aeabi_llsl
    depilogue.o(.text) refers to llushr.o(.text) for __aeabi_llsr
    dadd.o(.text) refers to llshl.o(.text) for __aeabi_llsl
    dadd.o(.text) refers to llsshr.o(.text) for __aeabi_lasr
    dadd.o(.text) refers to depilogue.o(.text) for _double_epilogue
    dmul.o(.text) refers to depilogue.o(.text) for _double_epilogue
    ddiv.o(.text) refers to depilogue.o(.text) for _double_round
    dsqrt.o(.text) refers to llushr.o(.text) for __aeabi_llsr
    dsqrt.o(.text) refers to depilogue.o(.text) for _double_round
    dfixul.o(.text) refers to llushr.o(.text) for __aeabi_llsr
    dfixul.o(.text) refers to llshl.o(.text) for __aeabi_llsl
    init.o(.text) refers to entry5.o(.ARM.Collect$$$$00000004) for __main_after_scatterload


==============================================================================

Removing Unused input sections from the image.

    Removing main.o(.rev16_text), (4 bytes).
    Removing main.o(.revsh_text), (4 bytes).
    Removing main.o(.rrx_text), (6 bytes).
    Removing project_hardware_init.o(.rev16_text), (4 bytes).
    Removing project_hardware_init.o(.revsh_text), (4 bytes).
    Removing project_hardware_init.o(.rrx_text), (6 bytes).
    Removing project_interrupts.o(.rev16_text), (4 bytes).
    Removing project_interrupts.o(.revsh_text), (4 bytes).
    Removing project_interrupts.o(.rrx_text), (6 bytes).
    Removing project_images.o(.rev16_text), (4 bytes).
    Removing project_images.o(.revsh_text), (4 bytes).
    Removing project_images.o(.rrx_text), (6 bytes).
    Removing adc.o(.rev16_text), (4 bytes).
    Removing adc.o(.revsh_text), (4 bytes).
    Removing adc.o(.rrx_text), (6 bytes).
    Removing gpio_port.o(.rev16_text), (4 bytes).
    Removing gpio_port.o(.revsh_text), (4 bytes).
    Removing gpio_port.o(.rrx_text), (6 bytes).
    Removing i2c.o(.rev16_text), (4 bytes).
    Removing i2c.o(.revsh_text), (4 bytes).
    Removing i2c.o(.rrx_text), (6 bytes).
    Removing spi.o(.rev16_text), (4 bytes).
    Removing spi.o(.revsh_text), (4 bytes).
    Removing spi.o(.rrx_text), (6 bytes).
    Removing timers.o(.rev16_text), (4 bytes).
    Removing timers.o(.revsh_text), (4 bytes).
    Removing timers.o(.rrx_text), (6 bytes).
    Removing uart.o(.rev16_text), (4 bytes).
    Removing uart.o(.revsh_text), (4 bytes).
    Removing uart.o(.rrx_text), (6 bytes).
    Removing accel.o(.rev16_text), (4 bytes).
    Removing accel.o(.revsh_text), (4 bytes).
    Removing accel.o(.rrx_text), (6 bytes).
    Removing eeprom.o(.rev16_text), (4 bytes).
    Removing eeprom.o(.revsh_text), (4 bytes).
    Removing eeprom.o(.rrx_text), (6 bytes).
    Removing ft6x06.o(.rev16_text), (4 bytes).
    Removing ft6x06.o(.revsh_text), (4 bytes).
    Removing ft6x06.o(.rrx_text), (6 bytes).
    Removing launchpad_io.o(.rev16_text), (4 bytes).
    Removing launchpad_io.o(.revsh_text), (4 bytes).
    Removing launchpad_io.o(.rrx_text), (6 bytes).
    Removing lcd.o(.rev16_text), (4 bytes).
    Removing lcd.o(.revsh_text), (4 bytes).
    Removing lcd.o(.rrx_text), (6 bytes).
    Removing ps2.o(.rev16_text), (4 bytes).
    Removing ps2.o(.revsh_text), (4 bytes).
    Removing ps2.o(.rrx_text), (6 bytes).
    Removing serial_debug.o(.rev16_text), (4 bytes).
    Removing serial_debug.o(.revsh_text), (4 bytes).
    Removing serial_debug.o(.rrx_text), (6 bytes).
    Removing spi_select.o(.rev16_text), (4 bytes).
    Removing spi_select.o(.revsh_text), (4 bytes).
    Removing spi_select.o(.rrx_text), (6 bytes).
    Removing ws2812b.o(FLASH), (160 bytes).
    Removing io_expander.o(.rev16_text), (4 bytes).
    Removing io_expander.o(.revsh_text), (4 bytes).
    Removing io_expander.o(.rrx_text), (6 bytes).
    Removing system_tm4c123.o(.rev16_text), (4 bytes).
    Removing system_tm4c123.o(.revsh_text), (4 bytes).
    Removing system_tm4c123.o(.rrx_text), (6 bytes).
    Removing dadd.o(.text), (334 bytes).
    Removing dmul.o(.text), (228 bytes).
    Removing ddiv.o(.text), (222 bytes).
    Removing dfixul.o(.text), (48 bytes).
    Removing cdrcmple.o(.text), (48 bytes).

66 unused section(s) (total 1320 bytes) removed from the image.

==============================================================================

Image Symbol Table

    Local Symbols

    Symbol Name                              Value     Ov Type        Size  Object(Section)

    RESET                                    0x00000000   Section      620  startup_tm4c123.o(RESET)
    ../clib/microlib/division.c              0x00000000   Number         0  uldiv.o ABSOLUTE
    ../clib/microlib/division.c              0x00000000   Number         0  uidiv.o ABSOLUTE
    ../clib/microlib/errno.c                 0x00000000   Number         0  errno.o ABSOLUTE
    ../clib/microlib/init/entry.s            0x00000000   Number         0  entry9a.o ABSOLUTE
    ../clib/microlib/init/entry.s            0x00000000   Number         0  entry.o ABSOLUTE
    ../clib/microlib/init/entry.s            0x00000000   Number         0  entry11a.o ABSOLUTE
    ../clib/microlib/init/entry.s            0x00000000   Number         0  entry10b.o ABSOLUTE
    ../clib/microlib/init/entry.s            0x00000000   Number         0  entry10a.o ABSOLUTE
    ../clib/microlib/init/entry.s            0x00000000   Number         0  entry9b.o ABSOLUTE
    ../clib/microlib/init/entry.s            0x00000000   Number         0  entry8b.o ABSOLUTE
    ../clib/microlib/init/entry.s            0x00000000   Number         0  entry8a.o ABSOLUTE
    ../clib/microlib/init/entry.s            0x00000000   Number         0  entry7b.o ABSOLUTE
    ../clib/microlib/init/entry.s            0x00000000   Number         0  entry7a.o ABSOLUTE
    ../clib/microlib/init/entry.s            0x00000000   Number         0  entry5.o ABSOLUTE
    ../clib/microlib/init/entry.s            0x00000000   Number         0  entry11b.o ABSOLUTE
    ../clib/microlib/init/entry.s            0x00000000   Number         0  entry2.o ABSOLUTE
    ../clib/microlib/longlong.c              0x00000000   Number         0  llshl.o ABSOLUTE
    ../clib/microlib/longlong.c              0x00000000   Number         0  llsshr.o ABSOLUTE
    ../clib/microlib/longlong.c              0x00000000   Number         0  llushr.o ABSOLUTE
    ../clib/microlib/malloc/malloc.c         0x00000000   Number         0  mallocra.o ABSOLUTE
    ../clib/microlib/malloc/malloc.c         0x00000000   Number         0  malloca.o ABSOLUTE
    ../clib/microlib/malloc/malloc.c         0x00000000   Number         0  mallocr.o ABSOLUTE
    ../clib/microlib/malloc/malloc.c         0x00000000   Number         0  malloc.o ABSOLUTE
    ../clib/microlib/malloc/mvars.c          0x00000000   Number         0  mvars.o ABSOLUTE
    ../clib/microlib/printf/printf.c         0x00000000   Number         0  printf5.o ABSOLUTE
    ../clib/microlib/printf/printf.c         0x00000000   Number         0  printf4.o ABSOLUTE
    ../clib/microlib/printf/printf.c         0x00000000   Number         0  printf1.o ABSOLUTE
    ../clib/microlib/printf/printf.c         0x00000000   Number         0  printf0.o ABSOLUTE
    ../clib/microlib/printf/printf.c         0x00000000   Number         0  printf3.o ABSOLUTE
    ../clib/microlib/printf/printf.c         0x00000000   Number         0  printf2.o ABSOLUTE
    ../clib/microlib/printf/printf.c         0x00000000   Number         0  printfa.o ABSOLUTE
    ../clib/microlib/printf/printf.c         0x00000000   Number         0  printf8.o ABSOLUTE
    ../clib/microlib/printf/printf.c         0x00000000   Number         0  printf7.o ABSOLUTE
    ../clib/microlib/printf/printf.c         0x00000000   Number         0  printf6.o ABSOLUTE
    ../clib/microlib/printf/printf.c         0x00000000   Number         0  printfb.o ABSOLUTE
    ../clib/microlib/printf/stubs.s          0x00000000   Number         0  stubs.o ABSOLUTE
    ../clib/microlib/stdio/streams.c         0x00000000   Number         0  stdout.o ABSOLUTE
    ../clib/microlib/stdlib/rand.c           0x00000000   Number         0  rand.o ABSOLUTE
    ../clib/microlib/string/memcpy.c         0x00000000   Number         0  memcpya.o ABSOLUTE
    ../clib/microlib/string/memcpy.c         0x00000000   Number         0  memcpyb.o ABSOLUTE
    ../clib/microlib/stubs.s                 0x00000000   Number         0  iusefp.o ABSOLUTE
    ../fplib/microlib/fpadd.c                0x00000000   Number         0  dadd.o ABSOLUTE
    ../fplib/microlib/fpdiv.c                0x00000000   Number         0  ddiv.o ABSOLUTE
    ../fplib/microlib/fpepilogue.c           0x00000000   Number         0  depilogue.o ABSOLUTE
    ../fplib/microlib/fpfix.c                0x00000000   Number         0  dfixul.o ABSOLUTE
    ../fplib/microlib/fpflt.c                0x00000000   Number         0  dflti.o ABSOLUTE
    ../fplib/microlib/fpmul.c                0x00000000   Number         0  dmul.o ABSOLUTE
    ../fplib/microlib/fpsqrt.c               0x00000000   Number         0  dsqrt.o ABSOLUTE
    ../mathlib/sqrt.c                        0x00000000   Number         0  sqrt.o ABSOLUTE
    ../mathlib/sqrt.c                        0x00000000   Number         0  sqrt_x.o ABSOLUTE
    ..\\drivers\\c\\adc.c                    0x00000000   Number         0  adc.o ABSOLUTE
    ..\\drivers\\c\\gpio_port.c              0x00000000   Number         0  gpio_port.o ABSOLUTE
    ..\\drivers\\c\\i2c.c                    0x00000000   Number         0  i2c.o ABSOLUTE
    ..\\drivers\\c\\spi.c                    0x00000000   Number         0  spi.o ABSOLUTE
    ..\\drivers\\c\\timers.c                 0x00000000   Number         0  timers.o ABSOLUTE
    ..\\drivers\\c\\uart.c                   0x00000000   Number         0  uart.o ABSOLUTE
    ..\\peripherals\\c\\accel.c              0x00000000   Number         0  accel.o ABSOLUTE
    ..\\peripherals\\c\\eeprom.c             0x00000000   Number         0  eeprom.o ABSOLUTE
    ..\\peripherals\\c\\ft6x06.c             0x00000000   Number         0  ft6x06.o ABSOLUTE
    ..\\peripherals\\c\\io_expander.c        0x00000000   Number         0  io_expander.o ABSOLUTE
    ..\\peripherals\\c\\launchpad_io.c       0x00000000   Number         0  launchpad_io.o ABSOLUTE
    ..\\peripherals\\c\\lcd.c                0x00000000   Number         0  lcd.o ABSOLUTE
    ..\\peripherals\\c\\ps2.c                0x00000000   Number         0  ps2.o ABSOLUTE
    ..\\peripherals\\c\\serial_debug.c       0x00000000   Number         0  serial_debug.o ABSOLUTE
    ..\\peripherals\\c\\spi_select.c         0x00000000   Number         0  spi_select.o ABSOLUTE
    ..\drivers\c\adc.c                       0x00000000   Number         0  adc.o ABSOLUTE
    ..\drivers\c\gpio_port.c                 0x00000000   Number         0  gpio_port.o ABSOLUTE
    ..\drivers\c\i2c.c                       0x00000000   Number         0  i2c.o ABSOLUTE
    ..\drivers\c\pc_buffer.c                 0x00000000   Number         0  pc_buffer.o ABSOLUTE
    ..\drivers\c\spi.c                       0x00000000   Number         0  spi.o ABSOLUTE
    ..\drivers\c\timers.c                    0x00000000   Number         0  timers.o ABSOLUTE
    ..\drivers\c\uart.c                      0x00000000   Number         0  uart.o ABSOLUTE
    ..\peripherals\c\accel.c                 0x00000000   Number         0  accel.o ABSOLUTE
    ..\peripherals\c\eeprom.c                0x00000000   Number         0  eeprom.o ABSOLUTE
    ..\peripherals\c\ft6x06.c                0x00000000   Number         0  ft6x06.o ABSOLUTE
    ..\peripherals\c\io_expander.c           0x00000000   Number         0  io_expander.o ABSOLUTE
    ..\peripherals\c\launchpad_io.c          0x00000000   Number         0  launchpad_io.o ABSOLUTE
    ..\peripherals\c\lcd.c                   0x00000000   Number         0  lcd.o ABSOLUTE
    ..\peripherals\c\ps2.c                   0x00000000   Number         0  ps2.o ABSOLUTE
    ..\peripherals\c\serial_debug.c          0x00000000   Number         0  serial_debug.o ABSOLUTE
    ..\peripherals\c\spi_select.c            0x00000000   Number         0  spi_select.o ABSOLUTE
    ..\peripherals\c\ws2812b.s               0x00000000   Number         0  ws2812b.o ABSOLUTE
    RTE\Device\TM4C123GH6PM\startup_TM4C123.s 0x00000000   Number         0  startup_tm4c123.o ABSOLUTE
    RTE\Device\TM4C123GH6PM\system_TM4C123.c 0x00000000   Number         0  system_tm4c123.o ABSOLUTE
    RTE\\Device\\TM4C123GH6PM\\system_TM4C123.c 0x00000000   Number         0  system_tm4c123.o ABSOLUTE
    cdcmple.s                                0x00000000   Number         0  cdcmple.o ABSOLUTE
    cdrcmple.s                               0x00000000   Number         0  cdrcmple.o ABSOLUTE
    dc.s                                     0x00000000   Number         0  dc.o ABSOLUTE
    handlers.s                               0x00000000   Number         0  handlers.o ABSOLUTE
    init.s                                   0x00000000   Number         0  init.o ABSOLUTE
    main.c                                   0x00000000   Number         0  main.o ABSOLUTE
    main.c                                   0x00000000   Number         0  main.o ABSOLUTE
    project_hardware_init.c                  0x00000000   Number         0  project_hardware_init.o ABSOLUTE
    project_hardware_init.c                  0x00000000   Number         0  project_hardware_init.o ABSOLUTE
    project_images.c                         0x00000000   Number         0  project_images.o ABSOLUTE
    project_images.c                         0x00000000   Number         0  project_images.o ABSOLUTE
    project_interrupts.c                     0x00000000   Number         0  project_interrupts.o ABSOLUTE
    project_interrupts.c                     0x00000000   Number         0  project_interrupts.o ABSOLUTE
    .ARM.Collect$$$$00000000                 0x0000026c   Section        0  entry.o(.ARM.Collect$$$$00000000)
    .ARM.Collect$$$$00000001                 0x0000026c   Section        4  entry2.o(.ARM.Collect$$$$00000001)
    .ARM.Collect$$$$00000004                 0x00000270   Section        4  entry5.o(.ARM.Collect$$$$00000004)
    .ARM.Collect$$$$00000008                 0x00000274   Section        0  entry7b.o(.ARM.Collect$$$$00000008)
    .ARM.Collect$$$$0000000A                 0x00000274   Section        0  entry8b.o(.ARM.Collect$$$$0000000A)
    .ARM.Collect$$$$0000000B                 0x00000274   Section        8  entry9a.o(.ARM.Collect$$$$0000000B)
    .ARM.Collect$$$$0000000D                 0x0000027c   Section        0  entry10a.o(.ARM.Collect$$$$0000000D)
    .ARM.Collect$$$$0000000F                 0x0000027c   Section        0  entry11a.o(.ARM.Collect$$$$0000000F)
    .ARM.Collect$$$$00002712                 0x0000027c   Section        4  entry2.o(.ARM.Collect$$$$00002712)
    __lit__00000000                          0x0000027c   Data           4  entry2.o(.ARM.Collect$$$$00002712)
    .text                                    0x00000280   Section        0  main.o(.text)
    .text                                    0x00001748   Section        0  project_hardware_init.o(.text)
    __NVIC_SetPriority                       0x00001749   Thumb Code    32  project_hardware_init.o(.text)
    project_timer2_init                      0x00001769   Thumb Code    34  project_hardware_init.o(.text)
    project_timer3_init                      0x0000178b   Thumb Code    34  project_hardware_init.o(.text)
    project_timer4_init                      0x000017ad   Thumb Code    34  project_hardware_init.o(.text)
    project_timer5_init                      0x000017cf   Thumb Code    34  project_hardware_init.o(.text)
    project_adc0_init                        0x000017f1   Thumb Code    24  project_hardware_init.o(.text)
    project_gpio_init                        0x00001809   Thumb Code   134  project_hardware_init.o(.text)
    __NVIC_EnableIRQ                         0x000018cf   Thumb Code    26  project_hardware_init.o(.text)
    .text                                    0x0000191c   Section        0  project_interrupts.o(.text)
    .text                                    0x00001b28   Section        0  adc.o(.text)
    .text                                    0x00001be4   Section        0  gpio_port.o(.text)
    verify_base_addr                         0x00001be5   Thumb Code    64  gpio_port.o(.text)
    .text                                    0x00001ec0   Section        0  i2c.o(.text)
    .text                                    0x000020c8   Section        0  pc_buffer.o(.text)
    .text                                    0x00002144   Section        0  spi.o(.text)
    .text                                    0x000022e4   Section        0  timers.o(.text)
    verify_base_addr                         0x000022e5   Thumb Code    64  timers.o(.text)
    get_clock_masks                          0x00002325   Thumb Code   106  timers.o(.text)
    .text                                    0x00002530   Section        0  uart.o(.text)
    .text                                    0x000027bc   Section        0  accel.o(.text)
    accel_reg_read                           0x000027bd   Thumb Code    46  accel.o(.text)
    accel_reg_write                          0x000027eb   Thumb Code    38  accel.o(.text)
    accel_CSN_low                            0x00002947   Thumb Code    16  accel.o(.text)
    accel_CSN_high                           0x00002957   Thumb Code    18  accel.o(.text)
    .text                                    0x00002970   Section        0  eeprom.o(.text)
    eeprom_wait_for_write                    0x00002971   Thumb Code    68  eeprom.o(.text)
    .text                                    0x00002af8   Section        0  ft6x06.o(.text)
    ft6x06_set_addr                          0x00002af9   Thumb Code    52  ft6x06.o(.text)
    ft6x06_read_data                         0x00002b2d   Thumb Code    52  ft6x06.o(.text)
    .text                                    0x00002cbc   Section        0  launchpad_io.o(.text)
    .text                                    0x00002d74   Section        0  lcd.o(.text)
    delayms                                  0x00002d75   Thumb Code    26  lcd.o(.text)
    lcd_write_cmd_u8                         0x00002d8f   Thumb Code    40  lcd.o(.text)
    lcd_write_data_u8                        0x00002db7   Thumb Code    28  lcd.o(.text)
    .text                                    0x00003208   Section        0  ps2.o(.text)
    initialize_adc_gpio_pins                 0x00003209   Thumb Code    26  ps2.o(.text)
    .text                                    0x00003258   Section        0  serial_debug.o(.text)
    .text                                    0x0000346c   Section        0  spi_select.o(.text)
    .text                                    0x00003510   Section        0  io_expander.o(.text)
    io_expander_wait_for_write               0x00003511   Thumb Code    68  io_expander.o(.text)
    .text                                    0x000036e4   Section      252  startup_tm4c123.o(.text)
    $v0                                      0x000036e4   Number         0  startup_tm4c123.o(.text)
    .text                                    0x000037e0   Section        0  system_tm4c123.o(.text)
    getOscClk                                0x000037e1   Thumb Code   182  system_tm4c123.o(.text)
    .text                                    0x00003a30   Section        0  rand.o(.text)
    .text                                    0x00003a54   Section        0  dflti.o(.text)
    .text                                    0x00003a78   Section       48  cdcmple.o(.text)
    .text                                    0x00003aa8   Section        0  uidiv.o(.text)
    .text                                    0x00003ad4   Section        0  iusefp.o(.text)
    .text                                    0x00003ad4   Section        0  depilogue.o(.text)
    .text                                    0x00003b8e   Section        0  dsqrt.o(.text)
    .text                                    0x00003c30   Section       36  init.o(.text)
    .text                                    0x00003c54   Section        0  llshl.o(.text)
    .text                                    0x00003c72   Section        0  llushr.o(.text)
    i.__0printf$3                            0x00003c94   Section        0  printf3.o(i.__0printf$3)
    i.__hardfp_sqrt                          0x00003cb4   Section        0  sqrt.o(i.__hardfp_sqrt)
    i.__scatterload_copy                     0x00003d2e   Section       14  handlers.o(i.__scatterload_copy)
    i.__scatterload_null                     0x00003d3c   Section        2  handlers.o(i.__scatterload_null)
    i.__scatterload_zeroinit                 0x00003d3e   Section       14  handlers.o(i.__scatterload_zeroinit)
    i.__set_errno                            0x00003d4c   Section        0  errno.o(i.__set_errno)
    i._printf_core                           0x00003d58   Section        0  printf3.o(i._printf_core)
    _printf_core                             0x00003d59   Thumb Code   436  printf3.o(i._printf_core)
    i.lcd_write_data_u16                     0x00003f10   Section        0  lcd.o(i.lcd_write_data_u16)
    i.malloc                                 0x00003f4c   Section        0  malloc.o(i.malloc)
    .constdata                               0x00003fb8   Section     7426  project_images.o(.constdata)
    .data                                    0x20000000   Section      208  main.o(.data)
    .data                                    0x200000d0   Section       48  project_interrupts.o(.data)
    count                                    0x200000fc   Data           4  project_interrupts.o(.data)
    .data                                    0x20000100   Section        2  serial_debug.o(.data)
    Rx_Interrupts_Enabled                    0x20000100   Data           1  serial_debug.o(.data)
    Tx_Interrupts_Enabled                    0x20000101   Data           1  serial_debug.o(.data)
    .data                                    0x20000104   Section        4  system_tm4c123.o(.data)
    .data                                    0x20000108   Section        4  stdout.o(.data)
    .data                                    0x2000010c   Section        4  rand.o(.data)
    _rand_state                              0x2000010c   Data           4  rand.o(.data)
    .data                                    0x20000110   Section        4  mvars.o(.data)
    .data                                    0x20000114   Section        4  mvars.o(.data)
    .data                                    0x20000118   Section        4  errno.o(.data)
    _errno                                   0x20000118   Data           4  errno.o(.data)
    .bss                                     0x2000011c   Section      120  main.o(.bss)
    .bss                                     0x20000194   Section       28  serial_debug.o(.bss)
    HEAP                                     0x200001b0   Section        0  startup_tm4c123.o(HEAP)
    STACK                                    0x200001b0   Section     4096  startup_tm4c123.o(STACK)

    Global Symbols

    Symbol Name                              Value     Ov Type        Size  Object(Section)

    BuildAttributes$$THM_ISAv4$E$P$D$K$B$S$7EM$VFPi3$EXTD16$VFPS$VFMA$PE$A:L22UL41UL21$X:L11$S22US41US21$IEEE1$IW$USESV6$~STKCKD$USESV7$~SHL$OTIME$ROPI$IEEEJ$EBA8$MICROLIB$REQ8$EABIv2 0x00000000   Number         0  anon$$obj.o ABSOLUTE
    __ARM_use_no_argv                        0x00000000   Number         0  main.o ABSOLUTE
    __Vectors                                0x00000000   Data           4  startup_tm4c123.o(RESET)
    _printf_a                                0x00000000   Number         0  stubs.o ABSOLUTE
    _printf_c                                0x00000000   Number         0  stubs.o ABSOLUTE
    _printf_charcount                        0x00000000   Number         0  stubs.o ABSOLUTE
    _printf_d                                0x00000000   Number         0  stubs.o ABSOLUTE
    _printf_e                                0x00000000   Number         0  stubs.o ABSOLUTE
    _printf_f                                0x00000000   Number         0  stubs.o ABSOLUTE
    _printf_flags                            0x00000000   Number         0  stubs.o ABSOLUTE
    _printf_fp_dec                           0x00000000   Number         0  stubs.o ABSOLUTE
    _printf_fp_hex                           0x00000000   Number         0  stubs.o ABSOLUTE
    _printf_g                                0x00000000   Number         0  stubs.o ABSOLUTE
    _printf_i                                0x00000000   Number         0  stubs.o ABSOLUTE
    _printf_int_dec                          0x00000000   Number         0  stubs.o ABSOLUTE
    _printf_l                                0x00000000   Number         0  stubs.o ABSOLUTE
    _printf_lc                               0x00000000   Number         0  stubs.o ABSOLUTE
    _printf_ll                               0x00000000   Number         0  stubs.o ABSOLUTE
    _printf_lld                              0x00000000   Number         0  stubs.o ABSOLUTE
    _printf_lli                              0x00000000   Number         0  stubs.o ABSOLUTE
    _printf_llo                              0x00000000   Number         0  stubs.o ABSOLUTE
    _printf_llu                              0x00000000   Number         0  stubs.o ABSOLUTE
    _printf_llx                              0x00000000   Number         0  stubs.o ABSOLUTE
    _printf_longlong_dec                     0x00000000   Number         0  stubs.o ABSOLUTE
    _printf_longlong_hex                     0x00000000   Number         0  stubs.o ABSOLUTE
    _printf_longlong_oct                     0x00000000   Number         0  stubs.o ABSOLUTE
    _printf_ls                               0x00000000   Number         0  stubs.o ABSOLUTE
    _printf_mbtowc                           0x00000000   Number         0  stubs.o ABSOLUTE
    _printf_n                                0x00000000   Number         0  stubs.o ABSOLUTE
    _printf_o                                0x00000000   Number         0  stubs.o ABSOLUTE
    _printf_p                                0x00000000   Number         0  stubs.o ABSOLUTE
    _printf_percent                          0x00000000   Number         0  stubs.o ABSOLUTE
    _printf_pre_padding                      0x00000000   Number         0  stubs.o ABSOLUTE
    _printf_return_value                     0x00000000   Number         0  stubs.o ABSOLUTE
    _printf_s                                0x00000000   Number         0  stubs.o ABSOLUTE
    _printf_sizespec                         0x00000000   Number         0  stubs.o ABSOLUTE
    _printf_str                              0x00000000   Number         0  stubs.o ABSOLUTE
    _printf_truncate_signed                  0x00000000   Number         0  stubs.o ABSOLUTE
    _printf_truncate_unsigned                0x00000000   Number         0  stubs.o ABSOLUTE
    _printf_u                                0x00000000   Number         0  stubs.o ABSOLUTE
    _printf_wc                               0x00000000   Number         0  stubs.o ABSOLUTE
    _printf_wctomb                           0x00000000   Number         0  stubs.o ABSOLUTE
    _printf_widthprec                        0x00000000   Number         0  stubs.o ABSOLUTE
    _printf_x                                0x00000000   Number         0  stubs.o ABSOLUTE
    __cpp_initialize__aeabi_                  - Undefined Weak Reference
    __cxa_finalize                            - Undefined Weak Reference
    __decompress                              - Undefined Weak Reference
    _clock_init                               - Undefined Weak Reference
    _microlib_exit                            - Undefined Weak Reference
    __Vectors_End                            0x0000026c   Data           0  startup_tm4c123.o(RESET)
    __Vectors_Size                           0x0000026c   Number         0  startup_tm4c123.o ABSOLUTE
    __main                                   0x0000026d   Thumb Code     0  entry.o(.ARM.Collect$$$$00000000)
    _main_stk                                0x0000026d   Thumb Code     0  entry2.o(.ARM.Collect$$$$00000001)
    _main_scatterload                        0x00000271   Thumb Code     0  entry5.o(.ARM.Collect$$$$00000004)
    __main_after_scatterload                 0x00000275   Thumb Code     0  entry5.o(.ARM.Collect$$$$00000004)
    _main_clock                              0x00000275   Thumb Code     0  entry7b.o(.ARM.Collect$$$$00000008)
    _main_cpp_init                           0x00000275   Thumb Code     0  entry8b.o(.ARM.Collect$$$$0000000A)
    _main_init                               0x00000275   Thumb Code     0  entry9a.o(.ARM.Collect$$$$0000000B)
    __rt_final_cpp                           0x0000027d   Thumb Code     0  entry10a.o(.ARM.Collect$$$$0000000D)
    __rt_final_exit                          0x0000027d   Thumb Code     0  entry11a.o(.ARM.Collect$$$$0000000F)
    DisableInterrupts                        0x00000281   Thumb Code     4  main.o(.text)
    EnableInterrupts                         0x00000285   Thumb Code     4  main.o(.text)
    lcd_draw_rectangle_centered              0x00000289   Thumb Code   152  main.o(.text)
    project_startup                          0x00000321   Thumb Code   536  main.o(.text)
    update_background                        0x00000539   Thumb Code   216  main.o(.text)
    io_btn_pressed                           0x00000611   Thumb Code    98  main.o(.text)
    write_eeprom                             0x00000673   Thumb Code   310  main.o(.text)
    read_eeprom                              0x000007a9   Thumb Code   222  main.o(.text)
    end_game                                 0x00000887   Thumb Code   494  main.o(.text)
    special_ability                          0x00000a75   Thumb Code   134  main.o(.text)
    update_projectile_pos                    0x00000afb   Thumb Code   732  main.o(.text)
    create_projectile                        0x00000dd7   Thumb Code   478  main.o(.text)
    check_collisions                         0x00000fb5   Thumb Code   548  main.o(.text)
    update_enemies_pos                       0x000011d9   Thumb Code   162  main.o(.text)
    create_enemy                             0x0000127b   Thumb Code    92  main.o(.text)
    spawn_enemies                            0x000012d7   Thumb Code    78  main.o(.text)
    update_user_pos                          0x00001325   Thumb Code   396  main.o(.text)
    main                                     0x000014b1   Thumb Code   536  main.o(.text)
    project_initialize_hardware              0x0000188f   Thumb Code    64  project_hardware_init.o(.text)
    GPIOF_Handler                            0x0000191d   Thumb Code    66  project_interrupts.o(.text)
    TIMER2A_Handler                          0x0000195f   Thumb Code    18  project_interrupts.o(.text)
    TIMER3A_Handler                          0x00001971   Thumb Code    18  project_interrupts.o(.text)
    TIMER4A_Handler                          0x00001983   Thumb Code   112  project_interrupts.o(.text)
    TIMER5A_Handler                          0x000019f3   Thumb Code    32  project_interrupts.o(.text)
    ADC0SS1_Handler                          0x00001a13   Thumb Code   174  project_interrupts.o(.text)
    initialize_adc                           0x00001b29   Thumb Code   116  adc.o(.text)
    get_adc_value                            0x00001b9d   Thumb Code    58  adc.o(.text)
    gpio_get_irq_num                         0x00001c25   Thumb Code    74  gpio_port.o(.text)
    gpio_enable_port                         0x00001c6f   Thumb Code   168  gpio_port.o(.text)
    gpio_config_digital_enable               0x00001d17   Thumb Code    34  gpio_port.o(.text)
    gpio_config_enable_output                0x00001d39   Thumb Code    34  gpio_port.o(.text)
    gpio_config_enable_input                 0x00001d5b   Thumb Code    34  gpio_port.o(.text)
    gpio_config_enable_pullup                0x00001d7d   Thumb Code    34  gpio_port.o(.text)
    gpio_config_enable_pulldown              0x00001d9f   Thumb Code    34  gpio_port.o(.text)
    gpio_config_analog_enable                0x00001dc1   Thumb Code    34  gpio_port.o(.text)
    gpio_config_alternate_function           0x00001de3   Thumb Code    34  gpio_port.o(.text)
    gpio_config_port_control                 0x00001e05   Thumb Code    54  gpio_port.o(.text)
    gpio_config_open_drain                   0x00001e3b   Thumb Code    34  gpio_port.o(.text)
    gpio_config_falling_edge_irq             0x00001e5d   Thumb Code    68  gpio_port.o(.text)
    initializeI2CMaster                      0x00001ec1   Thumb Code   160  i2c.o(.text)
    i2cVerifyBaseAddr                        0x00001f61   Thumb Code    36  i2c.o(.text)
    i2cSetSlaveAddr                          0x00001f85   Thumb Code    30  i2c.o(.text)
    i2cStop                                  0x00001fa3   Thumb Code    26  i2c.o(.text)
    I2CMasterBusy                            0x00001fbd   Thumb Code    34  i2c.o(.text)
    I2CMasterAdrAck                          0x00001fdf   Thumb Code    34  i2c.o(.text)
    I2CMasterDatAck                          0x00002001   Thumb Code    34  i2c.o(.text)
    i2cSendByte                              0x00002023   Thumb Code    82  i2c.o(.text)
    i2cGetByte                               0x00002075   Thumb Code    60  i2c.o(.text)
    pc_buffer_init                           0x000020c9   Thumb Code    26  pc_buffer.o(.text)
    pc_buffer_add                            0x000020e3   Thumb Code    28  pc_buffer.o(.text)
    pc_buffer_remove                         0x000020ff   Thumb Code    30  pc_buffer.o(.text)
    pc_buffer_empty                          0x0000211d   Thumb Code    18  pc_buffer.o(.text)
    pc_buffer_full                           0x0000212f   Thumb Code    22  pc_buffer.o(.text)
    spiVerifyBaseAddr                        0x00002145   Thumb Code    34  spi.o(.text)
    initialize_spi                           0x00002167   Thumb Code   262  spi.o(.text)
    spiTx                                    0x0000226d   Thumb Code    94  spi.o(.text)
    gp_timer_wait                            0x0000238f   Thumb Code    64  timers.o(.text)
    gp_timer_config_32                       0x000023cf   Thumb Code   152  timers.o(.text)
    gp_timer_config_16                       0x00002467   Thumb Code   156  timers.o(.text)
    timer_value                              0x00002503   Thumb Code    30  timers.o(.text)
    verify_uart_base                         0x00002531   Thumb Code    54  uart.o(.text)
    uart_get_rcgc_mask                       0x00002567   Thumb Code    68  uart.o(.text)
    uart_get_pr_mask                         0x000025ab   Thumb Code    68  uart.o(.text)
    uart_get_irq_num                         0x000025ef   Thumb Code    68  uart.o(.text)
    uart_tx_poll                             0x00002633   Thumb Code    38  uart.o(.text)
    uart_tx_poll_string                      0x00002659   Thumb Code    50  uart.o(.text)
    uart_rx_poll                             0x0000268b   Thumb Code    70  uart.o(.text)
    uart_init                                0x000026d1   Thumb Code   216  uart.o(.text)
    accel_read_x                             0x00002811   Thumb Code    28  accel.o(.text)
    accel_read_y                             0x0000282d   Thumb Code    28  accel.o(.text)
    accel_read_z                             0x00002849   Thumb Code    28  accel.o(.text)
    accel_initialize                         0x00002865   Thumb Code   226  accel.o(.text)
    eeprom_byte_write                        0x000029b5   Thumb Code    76  eeprom.o(.text)
    eeprom_byte_read                         0x00002a01   Thumb Code    88  eeprom.o(.text)
    eeprom_init                              0x00002a59   Thumb Code   156  eeprom.o(.text)
    ft6x06_read_td_status                    0x00002b61   Thumb Code    60  ft6x06.o(.text)
    ft6x06_read_x                            0x00002b9d   Thumb Code    62  ft6x06.o(.text)
    ft6x06_read_y                            0x00002bdb   Thumb Code    64  ft6x06.o(.text)
    ft6x06_init                              0x00002c1b   Thumb Code   156  ft6x06.o(.text)
    lp_io_set_pin                            0x00002cbd   Thumb Code    18  launchpad_io.o(.text)
    lp_io_clear_pin                          0x00002ccf   Thumb Code    18  launchpad_io.o(.text)
    lp_io_read_pin                           0x00002ce1   Thumb Code    22  launchpad_io.o(.text)
    lp_io_init                               0x00002cf7   Thumb Code   104  launchpad_io.o(.text)
    lcd_set_pos                              0x00002dd3   Thumb Code    58  lcd.o(.text)
    lcd_clear_screen                         0x00002e0d   Thumb Code    52  lcd.o(.text)
    lcd_draw_image                           0x00002e41   Thumb Code   242  lcd.o(.text)
    lcd_config_gpio                          0x00002f33   Thumb Code   152  lcd.o(.text)
    lcd_config_screen                        0x00002fcb   Thumb Code   568  lcd.o(.text)
    ps2_initialize                           0x00003223   Thumb Code    14  ps2.o(.text)
    ps2_get_x                                0x00003231   Thumb Code    16  ps2.o(.text)
    ps2_get_y                                0x00003241   Thumb Code    16  ps2.o(.text)
    init_serial_debug                        0x00003259   Thumb Code   110  serial_debug.o(.text)
    serial_debug_rx                          0x000032c7   Thumb Code    46  serial_debug.o(.text)
    serial_debug_tx                          0x000032f5   Thumb Code    84  serial_debug.o(.text)
    fputc                                    0x00003349   Thumb Code    66  serial_debug.o(.text)
    fgetc                                    0x0000338b   Thumb Code    50  serial_debug.o(.text)
    UART0_Handler                            0x000033bd   Thumb Code   152  serial_debug.o(.text)
    spi_select                               0x0000346d   Thumb Code    62  spi_select.o(.text)
    spi_select_init                          0x000034ab   Thumb Code    92  spi_select.o(.text)
    io_expander_write_reg                    0x00003555   Thumb Code    56  io_expander.o(.text)
    io_expander_read_reg                     0x0000358d   Thumb Code    94  io_expander.o(.text)
    io_expander_init                         0x000035eb   Thumb Code   244  io_expander.o(.text)
    Reset_Handler                            0x000036e5   Thumb Code     8  startup_tm4c123.o(.text)
    NMI_Handler                              0x000036ed   Thumb Code     2  startup_tm4c123.o(.text)
    HardFault_Handler                        0x000036ef   Thumb Code     2  startup_tm4c123.o(.text)
    MemManage_Handler                        0x000036f1   Thumb Code     2  startup_tm4c123.o(.text)
    BusFault_Handler                         0x000036f3   Thumb Code     2  startup_tm4c123.o(.text)
    UsageFault_Handler                       0x000036f5   Thumb Code     2  startup_tm4c123.o(.text)
    SVC_Handler                              0x000036f7   Thumb Code     2  startup_tm4c123.o(.text)
    DebugMon_Handler                         0x000036f9   Thumb Code     2  startup_tm4c123.o(.text)
    PendSV_Handler                           0x000036fb   Thumb Code     2  startup_tm4c123.o(.text)
    SysTick_Handler                          0x000036fd   Thumb Code     2  startup_tm4c123.o(.text)
    GPIOA_Handler                            0x000036ff   Thumb Code     2  startup_tm4c123.o(.text)
    GPIOB_Handler                            0x00003701   Thumb Code     2  startup_tm4c123.o(.text)
    GPIOC_Handler                            0x00003703   Thumb Code     2  startup_tm4c123.o(.text)
    GPIOD_Handler                            0x00003705   Thumb Code     2  startup_tm4c123.o(.text)
    GPIOE_Handler                            0x00003707   Thumb Code     2  startup_tm4c123.o(.text)
    UART1_Handler                            0x0000370b   Thumb Code     2  startup_tm4c123.o(.text)
    SSI0_Handler                             0x0000370d   Thumb Code     2  startup_tm4c123.o(.text)
    I2C0_Handler                             0x0000370f   Thumb Code     2  startup_tm4c123.o(.text)
    PMW0_FAULT_Handler                       0x00003711   Thumb Code     2  startup_tm4c123.o(.text)
    PWM0_0_Handler                           0x00003713   Thumb Code     2  startup_tm4c123.o(.text)
    PWM0_1_Handler                           0x00003715   Thumb Code     2  startup_tm4c123.o(.text)
    PWM0_2_Handler                           0x00003717   Thumb Code     2  startup_tm4c123.o(.text)
    QEI0_Handler                             0x00003719   Thumb Code     2  startup_tm4c123.o(.text)
    ADC0SS0_Handler                          0x0000371b   Thumb Code     2  startup_tm4c123.o(.text)
    ADC0SS2_Handler                          0x0000371f   Thumb Code     2  startup_tm4c123.o(.text)
    ADC0SS3_Handler                          0x00003721   Thumb Code     2  startup_tm4c123.o(.text)
    WDT0_Handler                             0x00003723   Thumb Code     2  startup_tm4c123.o(.text)
    TIMER0A_Handler                          0x00003725   Thumb Code     2  startup_tm4c123.o(.text)
    TIMER0B_Handler                          0x00003727   Thumb Code     2  startup_tm4c123.o(.text)
    TIMER1A_Handler                          0x00003729   Thumb Code     2  startup_tm4c123.o(.text)
    TIMER1B_Handler                          0x0000372b   Thumb Code     2  startup_tm4c123.o(.text)
    TIMER2B_Handler                          0x0000372f   Thumb Code     2  startup_tm4c123.o(.text)
    COMP0_Handler                            0x00003731   Thumb Code     2  startup_tm4c123.o(.text)
    COMP1_Handler                            0x00003733   Thumb Code     2  startup_tm4c123.o(.text)
    COMP2_Handler                            0x00003735   Thumb Code     2  startup_tm4c123.o(.text)
    SYSCTL_Handler                           0x00003737   Thumb Code     2  startup_tm4c123.o(.text)
    FLASH_Handler                            0x00003739   Thumb Code     2  startup_tm4c123.o(.text)
    GPIOG_Handler                            0x0000373d   Thumb Code     2  startup_tm4c123.o(.text)
    GPIOH_Handler                            0x0000373f   Thumb Code     2  startup_tm4c123.o(.text)
    UART2_Handler                            0x00003741   Thumb Code     2  startup_tm4c123.o(.text)
    SSI1_Handler                             0x00003743   Thumb Code     2  startup_tm4c123.o(.text)
    TIMER3B_Handler                          0x00003747   Thumb Code     2  startup_tm4c123.o(.text)
    I2C1_Handler                             0x00003749   Thumb Code     2  startup_tm4c123.o(.text)
    QEI1_Handler                             0x0000374b   Thumb Code     2  startup_tm4c123.o(.text)
    CAN0_Handler                             0x0000374d   Thumb Code     2  startup_tm4c123.o(.text)
    CAN1_Handler                             0x0000374f   Thumb Code     2  startup_tm4c123.o(.text)
    CAN2_Handler                             0x00003751   Thumb Code     2  startup_tm4c123.o(.text)
    HIB_Handler                              0x00003753   Thumb Code     2  startup_tm4c123.o(.text)
    USB0_Handler                             0x00003755   Thumb Code     2  startup_tm4c123.o(.text)
    PWM0_3_Handler                           0x00003757   Thumb Code     2  startup_tm4c123.o(.text)
    UDMA_Handler                             0x00003759   Thumb Code     2  startup_tm4c123.o(.text)
    UDMAERR_Handler                          0x0000375b   Thumb Code     2  startup_tm4c123.o(.text)
    ADC1SS0_Handler                          0x0000375d   Thumb Code     2  startup_tm4c123.o(.text)
    ADC1SS1_Handler                          0x0000375f   Thumb Code     2  startup_tm4c123.o(.text)
    ADC1SS2_Handler                          0x00003761   Thumb Code     2  startup_tm4c123.o(.text)
    ADC1SS3_Handler                          0x00003763   Thumb Code     2  startup_tm4c123.o(.text)
    GPIOJ_Handler                            0x00003765   Thumb Code     2  startup_tm4c123.o(.text)
    GPIOK_Handler                            0x00003767   Thumb Code     2  startup_tm4c123.o(.text)
    GPIOL_Handler                            0x00003769   Thumb Code     2  startup_tm4c123.o(.text)
    SSI2_Handler                             0x0000376b   Thumb Code     2  startup_tm4c123.o(.text)
    SSI3_Handler                             0x0000376d   Thumb Code     2  startup_tm4c123.o(.text)
    UART3_Handler                            0x0000376f   Thumb Code     2  startup_tm4c123.o(.text)
    UART4_Handler                            0x00003771   Thumb Code     2  startup_tm4c123.o(.text)
    UART5_Handler                            0x00003773   Thumb Code     2  startup_tm4c123.o(.text)
    UART6_Handler                            0x00003775   Thumb Code     2  startup_tm4c123.o(.text)
    UART7_Handler                            0x00003777   Thumb Code     2  startup_tm4c123.o(.text)
    I2C2_Handler                             0x00003779   Thumb Code     2  startup_tm4c123.o(.text)
    I2C3_Handler                             0x0000377b   Thumb Code     2  startup_tm4c123.o(.text)
    TIMER4B_Handler                          0x0000377f   Thumb Code     2  startup_tm4c123.o(.text)
    TIMER5B_Handler                          0x00003783   Thumb Code     2  startup_tm4c123.o(.text)
    WTIMER0A_Handler                         0x00003785   Thumb Code     2  startup_tm4c123.o(.text)
    WTIMER0B_Handler                         0x00003787   Thumb Code     2  startup_tm4c123.o(.text)
    WTIMER1A_Handler                         0x00003789   Thumb Code     2  startup_tm4c123.o(.text)
    WTIMER1B_Handler                         0x0000378b   Thumb Code     2  startup_tm4c123.o(.text)
    WTIMER2A_Handler                         0x0000378d   Thumb Code     2  startup_tm4c123.o(.text)
    WTIMER2B_Handler                         0x0000378f   Thumb Code     2  startup_tm4c123.o(.text)
    WTIMER3A_Handler                         0x00003791   Thumb Code     2  startup_tm4c123.o(.text)
    WTIMER3B_Handler                         0x00003793   Thumb Code     2  startup_tm4c123.o(.text)
    WTIMER4A_Handler                         0x00003795   Thumb Code     2  startup_tm4c123.o(.text)
    WTIMER4B_Handler                         0x00003797   Thumb Code     2  startup_tm4c123.o(.text)
    WTIMER5A_Handler                         0x00003799   Thumb Code     2  startup_tm4c123.o(.text)
    WTIMER5B_Handler                         0x0000379b   Thumb Code     2  startup_tm4c123.o(.text)
    FPU_Handler                              0x0000379d   Thumb Code     2  startup_tm4c123.o(.text)
    I2C4_Handler                             0x0000379f   Thumb Code     2  startup_tm4c123.o(.text)
    I2C5_Handler                             0x000037a1   Thumb Code     2  startup_tm4c123.o(.text)
    GPIOM_Handler                            0x000037a3   Thumb Code     2  startup_tm4c123.o(.text)
    GPION_Handler                            0x000037a5   Thumb Code     2  startup_tm4c123.o(.text)
    QEI2_Handler                             0x000037a7   Thumb Code     2  startup_tm4c123.o(.text)
    GPIOP0_Handler                           0x000037a9   Thumb Code     2  startup_tm4c123.o(.text)
    GPIOP1_Handler                           0x000037ab   Thumb Code     2  startup_tm4c123.o(.text)
    GPIOP2_Handler                           0x000037ad   Thumb Code     2  startup_tm4c123.o(.text)
    GPIOP3_Handler                           0x000037af   Thumb Code     2  startup_tm4c123.o(.text)
    GPIOP4_Handler                           0x000037b1   Thumb Code     2  startup_tm4c123.o(.text)
    GPIOP5_Handler                           0x000037b3   Thumb Code     2  startup_tm4c123.o(.text)
    GPIOP6_Handler                           0x000037b5   Thumb Code     2  startup_tm4c123.o(.text)
    GPIOP7_Handler                           0x000037b7   Thumb Code     2  startup_tm4c123.o(.text)
    GPIOQ0_Handler                           0x000037b9   Thumb Code     2  startup_tm4c123.o(.text)
    GPIOQ1_Handler                           0x000037bb   Thumb Code     2  startup_tm4c123.o(.text)
    GPIOQ2_Handler                           0x000037bd   Thumb Code     2  startup_tm4c123.o(.text)
    GPIOQ3_Handler                           0x000037bf   Thumb Code     2  startup_tm4c123.o(.text)
    GPIOQ4_Handler                           0x000037c1   Thumb Code     2  startup_tm4c123.o(.text)
    GPIOQ5_Handler                           0x000037c3   Thumb Code     2  startup_tm4c123.o(.text)
    GPIOQ6_Handler                           0x000037c5   Thumb Code     2  startup_tm4c123.o(.text)
    GPIOQ7_Handler                           0x000037c7   Thumb Code     2  startup_tm4c123.o(.text)
    GPIOR_Handler                            0x000037c9   Thumb Code     2  startup_tm4c123.o(.text)
    GPIOS_Handler                            0x000037cb   Thumb Code     2  startup_tm4c123.o(.text)
    PMW1_0_Handler                           0x000037cd   Thumb Code     2  startup_tm4c123.o(.text)
    PWM1_1_Handler                           0x000037cf   Thumb Code     2  startup_tm4c123.o(.text)
    PWM1_2_Handler                           0x000037d1   Thumb Code     2  startup_tm4c123.o(.text)
    PWM1_3_Handler                           0x000037d3   Thumb Code     2  startup_tm4c123.o(.text)
    PWM1_FAULT_Handler                       0x000037d5   Thumb Code     2  startup_tm4c123.o(.text)
    SystemCoreClockUpdate                    0x00003897   Thumb Code   184  system_tm4c123.o(.text)
    SystemInit                               0x0000394f   Thumb Code   112  system_tm4c123.o(.text)
    rand                                     0x00003a31   Thumb Code    20  rand.o(.text)
    srand                                    0x00003a45   Thumb Code     6  rand.o(.text)
    __aeabi_i2d                              0x00003a55   Thumb Code    34  dflti.o(.text)
    __aeabi_cdcmpeq                          0x00003a79   Thumb Code     0  cdcmple.o(.text)
    __aeabi_cdcmple                          0x00003a79   Thumb Code    48  cdcmple.o(.text)
    __aeabi_uidiv                            0x00003aa9   Thumb Code     0  uidiv.o(.text)
    __aeabi_uidivmod                         0x00003aa9   Thumb Code    44  uidiv.o(.text)
    __I$use$fp                               0x00003ad5   Thumb Code     0  iusefp.o(.text)
    _double_round                            0x00003ad5   Thumb Code    30  depilogue.o(.text)
    _double_epilogue                         0x00003af3   Thumb Code   156  depilogue.o(.text)
    _dsqrt                                   0x00003b8f   Thumb Code   162  dsqrt.o(.text)
    __scatterload                            0x00003c31   Thumb Code    28  init.o(.text)
    __scatterload_rt2                        0x00003c31   Thumb Code     0  init.o(.text)
    __aeabi_llsl                             0x00003c55   Thumb Code    30  llshl.o(.text)
    _ll_shift_l                              0x00003c55   Thumb Code     0  llshl.o(.text)
    __aeabi_llsr                             0x00003c73   Thumb Code    32  llushr.o(.text)
    _ll_ushift_r                             0x00003c73   Thumb Code     0  llushr.o(.text)
    __0printf$3                              0x00003c95   Thumb Code    22  printf3.o(i.__0printf$3)
    __1printf$3                              0x00003c95   Thumb Code     0  printf3.o(i.__0printf$3)
    __2printf                                0x00003c95   Thumb Code     0  printf3.o(i.__0printf$3)
    __hardfp_sqrt                            0x00003cb5   Thumb Code   122  sqrt.o(i.__hardfp_sqrt)
    __scatterload_copy                       0x00003d2f   Thumb Code    14  handlers.o(i.__scatterload_copy)
    __scatterload_null                       0x00003d3d   Thumb Code     2  handlers.o(i.__scatterload_null)
    __scatterload_zeroinit                   0x00003d3f   Thumb Code    14  handlers.o(i.__scatterload_zeroinit)
    __set_errno                              0x00003d4d   Thumb Code     6  errno.o(i.__set_errno)
    lcd_write_data_u16                       0x00003f11   Thumb Code    48  lcd.o(i.lcd_write_data_u16)
    malloc                                   0x00003f4d   Thumb Code    92  malloc.o(i.malloc)
    game_overWidthPixels                     0x00003fb8   Data           1  project_images.o(.constdata)
    game_overHeightPixels                    0x00003fb9   Data           1  project_images.o(.constdata)
    tankWidthPixels                          0x00003fba   Data           1  project_images.o(.constdata)
    tankHeightPixels                         0x00003fbb   Data           1  project_images.o(.constdata)
    soldierWidthPixels                       0x00003fbc   Data           1  project_images.o(.constdata)
    soldierHeightPixels                      0x00003fbd   Data           1  project_images.o(.constdata)
    fighterWidthPixels                       0x00003fbe   Data           1  project_images.o(.constdata)
    fighterHeightPixels                      0x00003fbf   Data           1  project_images.o(.constdata)
    warWidthPixels                           0x00003fc0   Data           1  project_images.o(.constdata)
    warHeightPixels                          0x00003fc1   Data           1  project_images.o(.constdata)
    selectWidthPixels                        0x00003fc2   Data           1  project_images.o(.constdata)
    selectHeightPixels                       0x00003fc3   Data           1  project_images.o(.constdata)
    enemy_32_32WidthPixels                   0x00003fc4   Data           1  project_images.o(.constdata)
    enemy_32_32HeightPixels                  0x00003fc5   Data           1  project_images.o(.constdata)
    user_fighterWidthPixels                  0x00003fc6   Data           1  project_images.o(.constdata)
    user_fighterHeightPixels                 0x00003fc7   Data           1  project_images.o(.constdata)
    user_tankWidthPixels                     0x00003fc8   Data           1  project_images.o(.constdata)
    user_tankHeightPixels                    0x00003fc9   Data           1  project_images.o(.constdata)
    projectileWidthPixels                    0x00003fca   Data           1  project_images.o(.constdata)
    projectileHeightPixels                   0x00003fcb   Data           1  project_images.o(.constdata)
    wallWidthPixels                          0x00003fcc   Data           1  project_images.o(.constdata)
    wallHeightPixels                         0x00003fcd   Data           1  project_images.o(.constdata)
    wallBitmaps                              0x00003fce   Data         204  project_images.o(.constdata)
    projectileBitmaps                        0x0000409a   Data          60  project_images.o(.constdata)
    user_tankBitmaps                         0x000040d6   Data         448  project_images.o(.constdata)
    user_fighterBitmaps                      0x00004296   Data         310  project_images.o(.constdata)
    enemy_32_32Bitmaps                       0x000043cc   Data         155  project_images.o(.constdata)
    selectBitmaps                            0x00004467   Data        1875  project_images.o(.constdata)
    warBitmaps                               0x00004bba   Data        2436  project_images.o(.constdata)
    tankBitmaps                              0x0000553e   Data         512  project_images.o(.constdata)
    soldierBitmaps                           0x0000573e   Data         512  project_images.o(.constdata)
    fighterBitmaps                           0x0000593e   Data         512  project_images.o(.constdata)
    game_overBitmaps                         0x00005b3e   Data         380  project_images.o(.constdata)
    Region$$Table$$Base                      0x00005cbc   Number         0  anon$$obj.o(Region$$Table)
    Region$$Table$$Limit                     0x00005cdc   Number         0  anon$$obj.o(Region$$Table)
    start_once                               0x20000000   Data           1  main.o(.data)
    time_alive                               0x20000004   Data           4  main.o(.data)
    high_score                               0x20000008   Data           1  main.o(.data)
    alternate_light                          0x20000009   Data           1  main.o(.data)
    io_up                                    0x2000000a   Data           1  main.o(.data)
    io_down                                  0x2000000b   Data           1  main.o(.data)
    io_left                                  0x2000000c   Data           1  main.o(.data)
    io_right                                 0x2000000d   Data           1  main.o(.data)
    name_1                                   0x2000000e   Data           2  main.o(.data)
    name_2                                   0x20000010   Data           2  main.o(.data)
    high_score_addr                          0x20000012   Data           2  main.o(.data)
    eeprom_read_val                          0x20000014   Data           1  main.o(.data)
    first_name                               0x20000015   Data          50  main.o(.data)
    second_name                              0x20000047   Data          50  main.o(.data)
    expander_read_val                        0x2000007c   Data           4  main.o(.data)
    max_proj                                 0x20000080   Data           4  main.o(.data)
    proj_in_wall                             0x20000084   Data           5  main.o(.data)
    proj_alive                               0x20000089   Data           5  main.o(.data)
    max_enemies                              0x20000090   Data           4  main.o(.data)
    spawn_limit                              0x20000094   Data           4  main.o(.data)
    enemies_alive                            0x20000098   Data           5  main.o(.data)
    num_enemies_hit_wall                     0x200000a0   Data           4  main.o(.data)
    user_selection                           0x200000a4   Data           4  main.o(.data)
    user_x_pos                               0x200000a8   Data           4  main.o(.data)
    user_y_pos                               0x200000ac   Data           4  main.o(.data)
    user_width                               0x200000b0   Data           4  main.o(.data)
    user_height                              0x200000b4   Data           4  main.o(.data)
    user_bitmaps                             0x200000b8   Data           4  main.o(.data)
    special_on_cooldown                      0x200000bc   Data           1  main.o(.data)
    fighter_special_ability                  0x200000bd   Data           1  main.o(.data)
    accel_x_val                              0x200000c0   Data           4  main.o(.data)
    accel_y_val                              0x200000c4   Data           4  main.o(.data)
    i                                        0x200000c8   Data           4  main.o(.data)
    j                                        0x200000cc   Data           4  main.o(.data)
    timer_2                                  0x200000d0   Data           1  project_interrupts.o(.data)
    timer_3                                  0x200000d1   Data           1  project_interrupts.o(.data)
    timer_4                                  0x200000d2   Data           1  project_interrupts.o(.data)
    timer_5                                  0x200000d3   Data           1  project_interrupts.o(.data)
    sw1_pressed                              0x200000d4   Data           1  project_interrupts.o(.data)
    sw2_pressed                              0x200000d5   Data           1  project_interrupts.o(.data)
    ps2_input                                0x200000d6   Data           1  project_interrupts.o(.data)
    io_expander                              0x200000d7   Data           1  project_interrupts.o(.data)
    expander_btn_pressed                     0x200000d8   Data           1  project_interrupts.o(.data)
    wait_center                              0x200000d9   Data           1  project_interrupts.o(.data)
    expander_val                             0x200000da   Data           2  project_interrupts.o(.data)
    alternate_read                           0x200000dc   Data           1  project_interrupts.o(.data)
    sw1_counter                              0x200000e0   Data           4  project_interrupts.o(.data)
    sw2_counter                              0x200000e4   Data           4  project_interrupts.o(.data)
    sw1_data                                 0x200000e8   Data           4  project_interrupts.o(.data)
    the_data                                 0x200000ec   Data           2  project_interrupts.o(.data)
    ps2_x                                    0x200000ee   Data           2  project_interrupts.o(.data)
    ps2_y                                    0x200000f0   Data           2  project_interrupts.o(.data)
    myADC                                    0x200000f4   Data           4  project_interrupts.o(.data)
    p2_dir                                   0x200000f8   Data           1  project_interrupts.o(.data)
    SystemCoreClock                          0x20000104   Data           4  system_tm4c123.o(.data)
    __stdout                                 0x20000108   Data           4  stdout.o(.data)
    __microlib_freelist                      0x20000110   Data           4  mvars.o(.data)
    __microlib_freelist_initialised          0x20000114   Data           4  mvars.o(.data)
    proj_x_pos                               0x2000011c   Data          20  main.o(.bss)
    proj_y_pos                               0x20000130   Data          20  main.o(.bss)
    proj_x_dir                               0x20000144   Data          20  main.o(.bss)
    proj_y_dir                               0x20000158   Data          20  main.o(.bss)
    enemies_x_pos                            0x2000016c   Data          20  main.o(.bss)
    enemies_y_pos                            0x20000180   Data          20  main.o(.bss)
    UART0_Tx_Buffer                          0x20000194   Data          14  serial_debug.o(.bss)
    UART0_Rx_Buffer                          0x200001a2   Data          14  serial_debug.o(.bss)
    __heap_base                              0x200001b0   Data           0  startup_tm4c123.o(HEAP)
    __heap_limit                             0x200001b0   Data           0  startup_tm4c123.o(HEAP)
    __initial_sp                             0x200011b0   Data           0  startup_tm4c123.o(STACK)



==============================================================================

Memory Map of the image

  Image Entry point : 0x000036e5

  Load Region LR_1 (Base: 0x00000000, Size: 0x00005df8, Max: 0xffffffff, ABSOLUTE)

    Execution Region ER_RO (Exec base: 0x00000000, Load base: 0x00000000, Size: 0x00005cdc, Max: 0xffffffff, ABSOLUTE)

    Exec Addr    Load Addr    Size         Type   Attr      Idx    E Section Name        Object

    0x00000000   0x00000000   0x0000026c   Data   RO          651    RESET               startup_tm4c123.o
    0x0000026c   0x0000026c   0x00000000   Code   RO          698  * .ARM.Collect$$$$00000000  mc_w.l(entry.o)
    0x0000026c   0x0000026c   0x00000004   Code   RO          998    .ARM.Collect$$$$00000001  mc_w.l(entry2.o)
    0x00000270   0x00000270   0x00000004   Code   RO         1001    .ARM.Collect$$$$00000004  mc_w.l(entry5.o)
    0x00000274   0x00000274   0x00000000   Code   RO         1003    .ARM.Collect$$$$00000008  mc_w.l(entry7b.o)
    0x00000274   0x00000274   0x00000000   Code   RO         1005    .ARM.Collect$$$$0000000A  mc_w.l(entry8b.o)
    0x00000274   0x00000274   0x00000008   Code   RO         1006    .ARM.Collect$$$$0000000B  mc_w.l(entry9a.o)
    0x0000027c   0x0000027c   0x00000000   Code   RO         1008    .ARM.Collect$$$$0000000D  mc_w.l(entry10a.o)
    0x0000027c   0x0000027c   0x00000000   Code   RO         1010    .ARM.Collect$$$$0000000F  mc_w.l(entry11a.o)
    0x0000027c   0x0000027c   0x00000004   Code   RO          999    .ARM.Collect$$$$00002712  mc_w.l(entry2.o)
    0x00000280   0x00000280   0x000014c8   Code   RO            4    .text               main.o
    0x00001748   0x00001748   0x000001d4   Code   RO          158    .text               project_hardware_init.o
    0x0000191c   0x0000191c   0x0000020c   Code   RO          186    .text               project_interrupts.o
    0x00001b28   0x00001b28   0x000000bc   Code   RO          240    .text               adc.o
    0x00001be4   0x00001be4   0x000002dc   Code   RO          268    .text               gpio_port.o
    0x00001ec0   0x00001ec0   0x00000208   Code   RO          292    .text               i2c.o
    0x000020c8   0x000020c8   0x0000007c   Code   RO          313    .text               pc_buffer.o
    0x00002144   0x00002144   0x000001a0   Code   RO          331    .text               spi.o
    0x000022e4   0x000022e4   0x0000024c   Code   RO          355    .text               timers.o
    0x00002530   0x00002530   0x0000028c   Code   RO          379    .text               uart.o
    0x000027bc   0x000027bc   0x000001b4   Code   RO          407    .text               accel.o
    0x00002970   0x00002970   0x00000188   Code   RO          431    .text               eeprom.o
    0x00002af8   0x00002af8   0x000001c4   Code   RO          455    .text               ft6x06.o
    0x00002cbc   0x00002cbc   0x000000b8   Code   RO          479    .text               launchpad_io.o
    0x00002d74   0x00002d74   0x00000494   Code   RO          503    .text               lcd.o
    0x00003208   0x00003208   0x00000050   Code   RO          533    .text               ps2.o
    0x00003258   0x00003258   0x00000214   Code   RO          557    .text               serial_debug.o
    0x0000346c   0x0000346c   0x000000a4   Code   RO          593    .text               spi_select.o
    0x00003510   0x00003510   0x000001d4   Code   RO          621    .text               io_expander.o
    0x000036e4   0x000036e4   0x000000fc   Code   RO          652  * .text               startup_tm4c123.o
    0x000037e0   0x000037e0   0x00000250   Code   RO          659    .text               system_tm4c123.o
    0x00003a30   0x00003a30   0x00000024   Code   RO          702    .text               mc_w.l(rand.o)
    0x00003a54   0x00003a54   0x00000022   Code   RO          994    .text               mf_w.l(dflti.o)
    0x00003a76   0x00003a76   0x00000002   PAD
    0x00003a78   0x00003a78   0x00000030   Code   RO          996    .text               mf_w.l(cdcmple.o)
    0x00003aa8   0x00003aa8   0x0000002c   Code   RO         1012    .text               mc_w.l(uidiv.o)
    0x00003ad4   0x00003ad4   0x00000000   Code   RO         1029    .text               mc_w.l(iusefp.o)
    0x00003ad4   0x00003ad4   0x000000ba   Code   RO         1030    .text               mf_w.l(depilogue.o)
    0x00003b8e   0x00003b8e   0x000000a2   Code   RO         1038    .text               mf_w.l(dsqrt.o)
    0x00003c30   0x00003c30   0x00000024   Code   RO         1044    .text               mc_w.l(init.o)
    0x00003c54   0x00003c54   0x0000001e   Code   RO         1046    .text               mc_w.l(llshl.o)
    0x00003c72   0x00003c72   0x00000020   Code   RO         1048    .text               mc_w.l(llushr.o)
    0x00003c92   0x00003c92   0x00000002   PAD
    0x00003c94   0x00003c94   0x00000020   Code   RO          794    i.__0printf$3       mc_w.l(printf3.o)
    0x00003cb4   0x00003cb4   0x0000007a   Code   RO          686    i.__hardfp_sqrt     m_wm.l(sqrt.o)
    0x00003d2e   0x00003d2e   0x0000000e   Code   RO         1054    i.__scatterload_copy  mc_w.l(handlers.o)
    0x00003d3c   0x00003d3c   0x00000002   Code   RO         1055    i.__scatterload_null  mc_w.l(handlers.o)
    0x00003d3e   0x00003d3e   0x0000000e   Code   RO         1056    i.__scatterload_zeroinit  mc_w.l(handlers.o)
    0x00003d4c   0x00003d4c   0x0000000c   Code   RO         1024    i.__set_errno       mc_w.l(errno.o)
    0x00003d58   0x00003d58   0x000001b8   Code   RO          801    i._printf_core      mc_w.l(printf3.o)
    0x00003f10   0x00003f10   0x0000003c   Code   RO          521    i.lcd_write_data_u16  lcd.o
    0x00003f4c   0x00003f4c   0x0000006c   Code   RO          967    i.malloc            mc_w.l(malloc.o)
    0x00003fb8   0x00003fb8   0x00001d02   Data   RO          216    .constdata          project_images.o
    0x00005cba   0x00005cba   0x00000002   PAD
    0x00005cbc   0x00005cbc   0x00000020   Data   RO         1052    Region$$Table       anon$$obj.o


    Execution Region ER_RW (Exec base: 0x20000000, Load base: 0x00005cdc, Size: 0x0000011c, Max: 0xffffffff, ABSOLUTE)

    Exec Addr    Load Addr    Size         Type   Attr      Idx    E Section Name        Object

    0x20000000   0x00005cdc   0x000000d0   Data   RW            6    .data               main.o
    0x200000d0   0x00005dac   0x00000030   Data   RW          187    .data               project_interrupts.o
    0x20000100   0x00005ddc   0x00000002   Data   RW          559    .data               serial_debug.o
    0x20000102   0x00005dde   0x00000002   PAD
    0x20000104   0x00005de0   0x00000004   Data   RW          660    .data               system_tm4c123.o
    0x20000108   0x00005de4   0x00000004   Data   RW          701    .data               mc_w.l(stdout.o)
    0x2000010c   0x00005de8   0x00000004   Data   RW          703    .data               mc_w.l(rand.o)
    0x20000110   0x00005dec   0x00000004   Data   RW         1020    .data               mc_w.l(mvars.o)
    0x20000114   0x00005df0   0x00000004   Data   RW         1021    .data               mc_w.l(mvars.o)
    0x20000118   0x00005df4   0x00000004   Data   RW         1025    .data               mc_w.l(errno.o)


    Execution Region ER_ZI (Exec base: 0x2000011c, Load base: 0x00005df8, Size: 0x00001094, Max: 0xffffffff, ABSOLUTE)

    Exec Addr    Load Addr    Size         Type   Attr      Idx    E Section Name        Object

    0x2000011c        -       0x00000078   Zero   RW            5    .bss                main.o
    0x20000194        -       0x0000001c   Zero   RW          558    .bss                serial_debug.o
    0x200001b0        -       0x00000000   Zero   RW          650    HEAP                startup_tm4c123.o
    0x200001b0        -       0x00001000   Zero   RW          649    STACK               startup_tm4c123.o


==============================================================================

Image component sizes


      Code (inc. data)   RO Data    RW Data    ZI Data      Debug   Object Name

       436          8          0          0          0       2218   accel.o
       188         14          0          0          0       1467   adc.o
       392          4          0          0          0       1977   eeprom.o
       452          6          0          0          0       2336   ft6x06.o
       732         32          0          0          0       5202   gpio_port.o
       520         24          0          0          0       3669   i2c.o
       468          6          0          0          0       1646   io_expander.o
       184         22          0          0          0       1814   launchpad_io.o
      1232         36          0          0          0       3805   lcd.o
      5320        792          0        208        120      36199   main.o
       124          0          0          0          0       1935   pc_buffer.o
       468         52          0          0          0      31741   project_hardware_init.o
         0          0       7426          0          0       2319   project_images.o
       524        104          0         48          0       3040   project_interrupts.o
        80          8          0          0          0        921   ps2.o
       532         24          0          2         28       5721   serial_debug.o
       416         26          0          0          0       1877   spi.o
       164         10          0          0          0        873   spi_select.o
       252         10        620          0       4096       5440   startup_tm4c123.o
       592        138          0          4          0       1549   system_tm4c123.o
       588         16          0          0          0       3078   timers.o
       652         52          0          0          0      33551   uart.o

    ----------------------------------------------------------------------
     14316       1384       8080        264       4244     152378   Object Totals
         0          0         32          0          0          0   (incl. Generated)
         0          0          2          2          0          0   (incl. Padding)

    ----------------------------------------------------------------------

      Code (inc. data)   RO Data    RW Data    ZI Data      Debug   Library Member Name

       122          0          0          0          0        148   sqrt.o
         0          0          0          0          0          0   entry.o
         0          0          0          0          0          0   entry10a.o
         0          0          0          0          0          0   entry11a.o
         8          4          0          0          0          0   entry2.o
         4          0          0          0          0          0   entry5.o
         0          0          0          0          0          0   entry7b.o
         0          0          0          0          0          0   entry8b.o
         8          4          0          0          0          0   entry9a.o
        12          6          0          4          0         68   errno.o
        30          0          0          0          0          0   handlers.o
        36          8          0          0          0         68   init.o
         0          0          0          0          0          0   iusefp.o
        30          0          0          0          0         68   llshl.o
        32          0          0          0          0         68   llushr.o
       108         16          0          0          0         84   malloc.o
         0          0          0          8          0          0   mvars.o
       472         14          0          0          0        184   printf3.o
        36         10          0          4          0        136   rand.o
         0          0          0          4          0          0   stdout.o
        44          0          0          0          0         80   uidiv.o
        48          0          0          0          0         68   cdcmple.o
       186          0          0          0          0        176   depilogue.o
        34          0          0          0          0         76   dflti.o
       162          0          0          0          0        100   dsqrt.o

    ----------------------------------------------------------------------
      1376         62          0         20          0       1324   Library Totals
         4          0          0          0          0          0   (incl. Padding)

    ----------------------------------------------------------------------

      Code (inc. data)   RO Data    RW Data    ZI Data      Debug   Library Name

       122          0          0          0          0        148   m_wm.l
       820         62          0         20          0        756   mc_w.l
       430          0          0          0          0        420   mf_w.l

    ----------------------------------------------------------------------
      1376         62          0         20          0       1324   Library Totals

    ----------------------------------------------------------------------

==============================================================================


      Code (inc. data)   RO Data    RW Data    ZI Data      Debug   

     15692       1446       8080        284       4244     150586   Grand Totals
     15692       1446       8080        284       4244     150586   ELF Image Totals
     15692       1446       8080        284          0          0   ROM Totals

==============================================================================

    Total RO  Size (Code + RO Data)                23772 (  23.21kB)
    Total RW  Size (RW Data + ZI Data)              4528 (   4.42kB)
    Total ROM Size (Code + RO Data + RW Data)      24056 (  23.49kB)

==============================================================================

